Archive member included to satisfy reference by file (symbol)

f:/cubeide/stm32cubeide_1.6.0/stm32cubeide/plugins/com.st.stm32cube.ide.mcu.externaltools.gnu-tools-for-stm32.9-2020-q2-update.win32_1.5.0.202011040924/tools/bin/../lib/gcc/arm-none-eabi/9.3.1/../../../../arm-none-eabi/lib/thumb/v7e-m+dp/hard\libc_nano.a(lib_a-errno.o)
                              Core/Src/syscalls.o (__errno)
f:/cubeide/stm32cubeide_1.6.0/stm32cubeide/plugins/com.st.stm32cube.ide.mcu.externaltools.gnu-tools-for-stm32.9-2020-q2-update.win32_1.5.0.202011040924/tools/bin/../lib/gcc/arm-none-eabi/9.3.1/../../../../arm-none-eabi/lib/thumb/v7e-m+dp/hard\libc_nano.a(lib_a-exit.o)
                              f:/cubeide/stm32cubeide_1.6.0/stm32cubeide/plugins/com.st.stm32cube.ide.mcu.externaltools.gnu-tools-for-stm32.9-2020-q2-update.win32_1.5.0.202011040924/tools/bin/../lib/gcc/arm-none-eabi/9.3.1/../../../../arm-none-eabi/lib/thumb/v7e-m+dp/hard/crt0.o (exit)
f:/cubeide/stm32cubeide_1.6.0/stm32cubeide/plugins/com.st.stm32cube.ide.mcu.externaltools.gnu-tools-for-stm32.9-2020-q2-update.win32_1.5.0.202011040924/tools/bin/../lib/gcc/arm-none-eabi/9.3.1/../../../../arm-none-eabi/lib/thumb/v7e-m+dp/hard\libc_nano.a(lib_a-impure.o)
                              f:/cubeide/stm32cubeide_1.6.0/stm32cubeide/plugins/com.st.stm32cube.ide.mcu.externaltools.gnu-tools-for-stm32.9-2020-q2-update.win32_1.5.0.202011040924/tools/bin/../lib/gcc/arm-none-eabi/9.3.1/../../../../arm-none-eabi/lib/thumb/v7e-m+dp/hard\libc_nano.a(lib_a-exit.o) (_global_impure_ptr)
f:/cubeide/stm32cubeide_1.6.0/stm32cubeide/plugins/com.st.stm32cube.ide.mcu.externaltools.gnu-tools-for-stm32.9-2020-q2-update.win32_1.5.0.202011040924/tools/bin/../lib/gcc/arm-none-eabi/9.3.1/../../../../arm-none-eabi/lib/thumb/v7e-m+dp/hard\libc_nano.a(lib_a-init.o)
                              f:/cubeide/stm32cubeide_1.6.0/stm32cubeide/plugins/com.st.stm32cube.ide.mcu.externaltools.gnu-tools-for-stm32.9-2020-q2-update.win32_1.5.0.202011040924/tools/bin/../lib/gcc/arm-none-eabi/9.3.1/../../../../arm-none-eabi/lib/thumb/v7e-m+dp/hard/crt0.o (__libc_init_array)
f:/cubeide/stm32cubeide_1.6.0/stm32cubeide/plugins/com.st.stm32cube.ide.mcu.externaltools.gnu-tools-for-stm32.9-2020-q2-update.win32_1.5.0.202011040924/tools/bin/../lib/gcc/arm-none-eabi/9.3.1/../../../../arm-none-eabi/lib/thumb/v7e-m+dp/hard\libc_nano.a(lib_a-memcpy-stub.o)
                              Drivers/USER/W25Q128JVSIQ/W25Q128JVSIQ2.o (memcpy)
f:/cubeide/stm32cubeide_1.6.0/stm32cubeide/plugins/com.st.stm32cube.ide.mcu.externaltools.gnu-tools-for-stm32.9-2020-q2-update.win32_1.5.0.202011040924/tools/bin/../lib/gcc/arm-none-eabi/9.3.1/../../../../arm-none-eabi/lib/thumb/v7e-m+dp/hard\libc_nano.a(lib_a-memset.o)
                              f:/cubeide/stm32cubeide_1.6.0/stm32cubeide/plugins/com.st.stm32cube.ide.mcu.externaltools.gnu-tools-for-stm32.9-2020-q2-update.win32_1.5.0.202011040924/tools/bin/../lib/gcc/arm-none-eabi/9.3.1/../../../../arm-none-eabi/lib/thumb/v7e-m+dp/hard/crt0.o (memset)
f:/cubeide/stm32cubeide_1.6.0/stm32cubeide/plugins/com.st.stm32cube.ide.mcu.externaltools.gnu-tools-for-stm32.9-2020-q2-update.win32_1.5.0.202011040924/tools/bin/../lib/gcc/arm-none-eabi/9.3.1/../../../../arm-none-eabi/lib/thumb/v7e-m+dp/hard\libc_nano.a(lib_a-printf.o)
                              Drivers/USER/W25Q128JVSIQ/W25Q128JVSIQ2.o (printf)
f:/cubeide/stm32cubeide_1.6.0/stm32cubeide/plugins/com.st.stm32cube.ide.mcu.externaltools.gnu-tools-for-stm32.9-2020-q2-update.win32_1.5.0.202011040924/tools/bin/../lib/gcc/arm-none-eabi/9.3.1/../../../../arm-none-eabi/lib/thumb/v7e-m+dp/hard\libc_nano.a(lib_a-strlen.o)
                              Drivers/USER/LOG_UART3/LOG.o (strlen)
f:/cubeide/stm32cubeide_1.6.0/stm32cubeide/plugins/com.st.stm32cube.ide.mcu.externaltools.gnu-tools-for-stm32.9-2020-q2-update.win32_1.5.0.202011040924/tools/bin/../lib/gcc/arm-none-eabi/9.3.1/../../../../arm-none-eabi/lib/thumb/v7e-m+dp/hard\libc_nano.a(lib_a-vsnprintf.o)
                              Drivers/USER/LOG_UART3/LOG.o (vsnprintf)
f:/cubeide/stm32cubeide_1.6.0/stm32cubeide/plugins/com.st.stm32cube.ide.mcu.externaltools.gnu-tools-for-stm32.9-2020-q2-update.win32_1.5.0.202011040924/tools/bin/../lib/gcc/arm-none-eabi/9.3.1/../../../../arm-none-eabi/lib/thumb/v7e-m+dp/hard\libc_nano.a(lib_a-findfp.o)
                              f:/cubeide/stm32cubeide_1.6.0/stm32cubeide/plugins/com.st.stm32cube.ide.mcu.externaltools.gnu-tools-for-stm32.9-2020-q2-update.win32_1.5.0.202011040924/tools/bin/../lib/gcc/arm-none-eabi/9.3.1/../../../../arm-none-eabi/lib/thumb/v7e-m+dp/hard\libc_nano.a(lib_a-printf.o) (__sinit)
f:/cubeide/stm32cubeide_1.6.0/stm32cubeide/plugins/com.st.stm32cube.ide.mcu.externaltools.gnu-tools-for-stm32.9-2020-q2-update.win32_1.5.0.202011040924/tools/bin/../lib/gcc/arm-none-eabi/9.3.1/../../../../arm-none-eabi/lib/thumb/v7e-m+dp/hard\libc_nano.a(lib_a-fwalk.o)
[...]
Memory Configuration

Name             Origin             Length             Attributes
ITCMRAM          0x0000000000000000 0x0000000000010000 xrw
RAM              0x0000000020000000 0x0000000000020000 xrw
FLASH            0x0000000008000000 0x0000000000080000 xr
RAM_D1           0x0000000024000000 0x0000000000050000 xrw
RAM_D2           0x0000000030000000 0x0000000000008000 xrw
RAM_D3           0x0000000038000000 0x0000000000004000 xrw
*default*        0x0000000000000000 0xffffffffffffffff

Linker script and memory map

LOAD f:/cubeide/stm32cubeide_1.6.0/stm32cubeide/plugins/com.st.stm32cube.ide.mcu.externaltools.gnu-tools-for-stm32.9-2020-q2-update.win32_1.5.0.202011040924/tools/bin/../lib/gcc/arm-none-eabi/9.3.1/thumb/v7e-m+dp/hard/crti.o
LOAD f:/cubeide/stm32cubeide_1.6.0/stm32cubeide/plugins/com.st.stm32cube.ide.mcu.externaltools.gnu-tools-for-stm32.9-2020-q2-update.win32_1.5.0.202011040924/tools/bin/../lib/gcc/arm-none-eabi/9.3.1/thumb/v7e-m+dp/hard/crtbegin.o
LOAD f:/cubeide/stm32cubeide_1.6.0/stm32cubeide/plugins/com.st.stm32cube.ide.mcu.externaltools.gnu-tools-for-stm32.9-2020-q2-update.win32_1.5.0.202011040924/tools/bin/../lib/gcc/arm-none-eabi/9.3.1/../../../../arm-none-eabi/lib/thumb/v7e-m+dp/hard/crt0.o
LOAD Core/Src/dcmi.o
LOAD Core/Src/dma.o
LOAD Core/Src/dma2d.o
LOAD Core/Src/gpio.o
LOAD Core/Src/i2c.o
LOAD Core/Src/iwdg.o
LOAD Core/Src/ltdc.o
LOAD Core/Src/main.o
LOAD Core/Src/octospi.o
LOAD Core/Src/stm32h7xx_hal_msp.o
LOAD Core/Src/stm32h7xx_it.o
LOAD Core/Src/syscalls.o
LOAD Core/Src/sysmem.o
LOAD Core/Src/system_stm32h7xx.o
LOAD Core/Src/tim.o
LOAD Core/Src/usart.o
LOAD Core/Startup/startup_stm32h725aeix.o
LOAD Drivers/STM32H7xx_HAL_Driver/Src/stm32h7xx_hal.o
LOAD Drivers/STM32H7xx_HAL_Driver/Src/stm32h7xx_hal_cortex.o
LOAD Drivers/STM32H7xx_HAL_Driver/Src/stm32h7xx_hal_dcmi.o
LOAD Drivers/STM32H7xx_HAL_Driver/Src/stm32h7xx_hal_dma.o
LOAD Drivers/STM32H7xx_HAL_Driver/Src/stm32h7xx_hal_dma2d.o
LOAD Drivers/STM32H7xx_HAL_Driver/Src/stm32h7xx_hal_dma_ex.o
LOAD Drivers/STM32H7xx_HAL_Driver/Src/stm32h7xx_hal_exti.o
LOAD Drivers/STM32H7xx_HAL_Driver/Src/stm32h7xx_hal_flash.o
LOAD Drivers/STM32H7xx_HAL_Driver/Src/stm32h7xx_hal_flash_ex.o
LOAD Drivers/STM32H7xx_HAL_Driver/Src/stm32h7xx_hal_gpio.o
LOAD Drivers/STM32H7xx_HAL_Driver/Src/stm32h7xx_hal_hsem.o
LOAD Drivers/STM32H7xx_HAL_Driver/Src/stm32h7xx_hal_i2c.o
LOAD Drivers/STM32H7xx_HAL_Driver/Src/stm32h7xx_hal_i2c_ex.o
LOAD Drivers/STM32H7xx_HAL_Driver/Src/stm32h7xx_hal_iwdg.o
LOAD Drivers/STM32H7xx_HAL_Driver/Src/stm32h7xx_hal_ltdc.o
LOAD Drivers/STM32H7xx_HAL_Driver/Src/stm32h7xx_hal_ltdc_ex.o
LOAD Drivers/STM32H7xx_HAL_Driver/Src/stm32h7xx_hal_mdma.o
LOAD Drivers/STM32H7xx_HAL_Driver/Src/stm32h7xx_hal_ospi.o
LOAD Drivers/STM32H7xx_HAL_Driver/Src/stm32h7xx_hal_pwr.o
LOAD Drivers/STM32H7xx_HAL_Driver/Src/stm32h7xx_hal_pwr_ex.o
LOAD Drivers/STM32H7xx_HAL_Driver/Src/stm32h7xx_hal_rcc.o
LOAD Drivers/STM32H7xx_HAL_Driver/Src/stm32h7xx_hal_rcc_ex.o
LOAD Drivers/STM32H7xx_HAL_Driver/Src/stm32h7xx_hal_tim.o
LOAD Drivers/STM32H7xx_HAL_Driver/Src/stm32h7xx_hal_tim_ex.o
LOAD Drivers/STM32H7xx_HAL_Driver/Src/stm32h7xx_hal_uart.o
LOAD Drivers/STM32H7xx_HAL_Driver/Src/stm32h7xx_hal_uart_ex.o
LOAD Drivers/USER/APS6408L/AP6408L.o
LOAD Drivers/USER/LOG_UART3/LOG.o
LOAD Drivers/USER/OV2640/ov2640.o
LOAD Drivers/USER/RGB888_LCD/LCD.o
LOAD Drivers/USER/RGB888_LCD/LCD_image.o
LOAD Drivers/USER/W25Q128JVSIQ/W25Q128JVSIQ2.o
START GROUP
LOAD f:/cubeide/stm32cubeide_1.6.0/stm32cubeide/plugins/com.st.stm32cube.ide.mcu.externaltools.gnu-tools-for-stm32.9-2020-q2-update.win32_1.5.0.202011040924/tools/bin/../lib/gcc/arm-none-eabi/9.3.1/../../../../arm-none-eabi/lib/thumb/v7e-m+dp/hard\libc_nano.a
LOAD f:/cubeide/stm32cubeide_1.6.0/stm32cubeide/plugins/com.st.stm32cube.ide.mcu.externaltools.gnu-tools-for-stm32.9-2020-q2-update.win32_1.5.0.202011040924/tools/bin/../lib/gcc/arm-none-eabi/9.3.1/../../../../arm-none-eabi/lib/thumb/v7e-m+dp/hard\libm.a
END GROUP
START GROUP
LOAD f:/cubeide/stm32cubeide_1.6.0/stm32cubeide/plugins/com.st.stm32cube.ide.mcu.externaltools.gnu-tools-for-stm32.9-2020-q2-update.win32_1.5.0.202011040924/tools/bin/../lib/gcc/arm-none-eabi/9.3.1/thumb/v7e-m+dp/hard\libgcc.a
LOAD f:/cubeide/stm32cubeide_1.6.0/stm32cubeide/plugins/com.st.stm32cube.ide.mcu.externaltools.gnu-tools-for-stm32.9-2020-q2-update.win32_1.5.0.202011040924/tools/bin/../lib/gcc/arm-none-eabi/9.3.1/../../../../arm-none-eabi/lib/thumb/v7e-m+dp/hard\libc_nano.a
END GROUP
START GROUP
LOAD f:/cubeide/stm32cubeide_1.6.0/stm32cubeide/plugins/com.st.stm32cube.ide.mcu.externaltools.gnu-tools-for-stm32.9-2020-q2-update.win32_1.5.0.202011040924/tools/bin/../lib/gcc/arm-none-eabi/9.3.1/thumb/v7e-m+dp/hard\libgcc.a
LOAD f:/cubeide/stm32cubeide_1.6.0/stm32cubeide/plugins/com.st.stm32cube.ide.mcu.externaltools.gnu-tools-for-stm32.9-2020-q2-update.win32_1.5.0.202011040924/tools/bin/../lib/gcc/arm-none-eabi/9.3.1/../../../../arm-none-eabi/lib/thumb/v7e-m+dp/hard\libc_nano.a
LOAD f:/cubeide/stm32cubeide_1.6.0/stm32cubeide/plugins/com.st.stm32cube.ide.mcu.externaltools.gnu-tools-for-stm32.9-2020-q2-update.win32_1.5.0.202011040924/tools/bin/../lib/gcc/arm-none-eabi/9.3.1/../../../../arm-none-eabi/lib/thumb/v7e-m+dp/hard\libnosys.a
END GROUP
START GROUP
LOAD f:/cubeide/stm32cubeide_1.6.0/stm32cubeide/plugins/com.st.stm32cube.ide.mcu.externaltools.gnu-tools-for-stm32.9-2020-q2-update.win32_1.5.0.202011040924/tools/bin/../lib/gcc/arm-none-eabi/9.3.1/thumb/v7e-m+dp/hard\libgcc.a
LOAD f:/cubeide/stm32cubeide_1.6.0/stm32cubeide/plugins/com.st.stm32cube.ide.mcu.externaltools.gnu-tools-for-stm32.9-2020-q2-update.win32_1.5.0.202011040924/tools/bin/../lib/gcc/arm-none-eabi/9.3.1/../../../../arm-none-eabi/lib/thumb/v7e-m+dp/hard\libc_nano.a
LOAD f:/cubeide/stm32cubeide_1.6.0/stm32cubeide/plugins/com.st.stm32cube.ide.mcu.externaltools.gnu-tools-for-stm32.9-2020-q2-update.win32_1.5.0.202011040924/tools/bin/../lib/gcc/arm-none-eabi/9.3.1/../../../../arm-none-eabi/lib/thumb/v7e-m+dp/hard\libnosys.a
END GROUP
LOAD f:/cubeide/stm32cubeide_1.6.0/stm32cubeide/plugins/com.st.stm32cube.ide.mcu.externaltools.gnu-tools-for-stm32.9-2020-q2-update.win32_1.5.0.202011040924/tools/bin/../lib/gcc/arm-none-eabi/9.3.1/thumb/v7e-m+dp/hard/crtend.o
LOAD f:/cubeide/stm32cubeide_1.6.0/stm32cubeide/plugins/com.st.stm32cube.ide.mcu.externaltools.gnu-tools-for-stm32.9-2020-q2-update.win32_1.5.0.202011040924/tools/bin/../lib/gcc/arm-none-eabi/9.3.1/thumb/v7e-m+dp/hard/crtn.o
                0x0000000020020000                _estack = 0x20020000
                0x0000000000000200                _Min_Heap_Size = 0x200
                0x0000000000000400                _Min_Stack_Size = 0x400

.isr_vector     0x0000000008000000      0x2cc
                0x0000000008000000                . = ALIGN (0x4)
 *(.isr_vector)
 .isr_vector    0x0000000008000000      0x2cc Core/Startup/startup_stm32h725aeix.o
                0x0000000008000000                g_pfnVectors
                0x00000000080002cc                . = ALIGN (0x4)

.text           0x00000000080002d0     0xe4b4
                0x00000000080002d0                . = ALIGN (0x4)
 *(.text)
 .text          0x00000000080002d0       0x40 f:/cubeide/stm32cubeide_1.6.0/stm32cubeide/plugins/com.st.stm32cube.ide.mcu.externaltools.gnu-tools-for-stm32.9-2020-q2-update.win32_1.5.0.202011040924/tools/bin/../lib/gcc/arm-none-eabi/9.3.1/thumb/v7e-m+dp/hard/crtbegin.o
 .text          0x0000000008000310       0x10 f:/cubeide/stm32cubeide_1.6.0/stm32cubeide/plugins/com.st.stm32cube.ide.mcu.externaltools.gnu-tools-for-stm32.9-2020-q2-update.win32_1.5.0.202011040924/tools/bin/../lib/gcc/arm-none-eabi/9.3.1/../../../../arm-none-eabi/lib/thumb/v7e-m+dp/hard\libc_nano.a(lib_a-strlen.o)
                0x0000000008000310                strlen
 .text          0x0000000008000320       0xa0 f:/cubeide/stm32cubeide_1.6.0/stm32cubeide/plugins/com.st.stm32cube.ide.mcu.externaltools.gnu-tools-for-stm32.9-2020-q2-update.win32_1.5.0.202011040924/tools/bin/../lib/gcc/arm-none-eabi/9.3.1/../../../../arm-none-eabi/lib/thumb/v7e-m+dp/hard\libc_nano.a(lib_a-memchr.o)
                0x0000000008000320                memchr
 .text          0x00000000080003c0       0x30 f:/cubeide/stm32cubeide_1.6.0/stm32cubeide/plugins/com.st.stm32cube.ide.mcu.externaltools.gnu-tools-for-stm32.9-2020-q2-update.win32_1.5.0.202011040924/tools/bin/../lib/gcc/arm-none-eabi/9.3.1/thumb/v7e-m+dp/hard\libgcc.a(_aeabi_uldivmod.o)
                0x00000000080003c0                __aeabi_uldivmod
 .text          0x00000000080003f0      0x2c4 f:/cubeide/stm32cubeide_1.6.0/stm32cubeide/plugins/com.st.stm32cube.ide.mcu.externaltools.gnu-tools-for-stm32.9-2020-q2-update.win32_1.5.0.202011040924/tools/bin/../lib/gcc/arm-none-eabi/9.3.1/thumb/v7e-m+dp/hard\libgcc.a(_udivmoddi4.o)
                0x00000000080003f0                __udivmoddi4
 .text          0x00000000080006b4        0x4 f:/cubeide/stm32cubeide_1.6.0/stm32cubeide/plugins/com.st.stm32cube.ide.mcu.externaltools.gnu-tools-for-stm32.9-2020-q2-update.win32_1.5.0.202011040924/tools/bin/../lib/gcc/arm-none-eabi/9.3.1/thumb/v7e-m+dp/hard\libgcc.a(_dvmd_tls.o)
                0x00000000080006b4                __aeabi_idiv0
                0x00000000080006b4                __aeabi_ldiv0
 *(.text*)
 .text.MX_DCMI_Init
                0x00000000080006b8       0x68 Core/Src/dcmi.o
                0x00000000080006b8                MX_DCMI_Init
 .text.HAL_DCMI_MspInit
                0x0000000008000720      0x224 Core/Src/dcmi.o
                0x0000000008000720                HAL_DCMI_MspInit
 .text.MX_DMA_Init
                0x0000000008000944       0x40 Core/Src/dma.o
                0x0000000008000944                MX_DMA_Init
 .text.MX_DMA2D_Init
                0x0000000008000984       0x74 Core/Src/dma2d.o
                0x0000000008000984                MX_DMA2D_Init
 .text.HAL_DMA2D_MspInit
                0x00000000080009f8       0x44 Core/Src/dma2d.o
                0x00000000080009f8                HAL_DMA2D_MspInit
 .text.MX_GPIO_Init
                0x0000000008000a3c      0x304 Core/Src/gpio.o
                0x0000000008000a3c                MX_GPIO_Init
 .text.MX_I2C4_Init
                0x0000000008000d40       0x80 Core/Src/i2c.o
                0x0000000008000d40                MX_I2C4_Init
 .text.HAL_I2C_MspInit
                0x0000000008000dc0       0xcc Core/Src/i2c.o
                0x0000000008000dc0                HAL_I2C_MspInit
 .text.HAL_I2C_MspDeInit
                0x0000000008000e8c       0x4c Core/Src/i2c.o
                0x0000000008000e8c                HAL_I2C_MspDeInit
 .text.MX_IWDG1_Init
                0x0000000008000ed8       0x3c Core/Src/iwdg.o
                0x0000000008000ed8                MX_IWDG1_Init
 .text.MX_LTDC_Init
                0x0000000008000f14      0x138 Core/Src/ltdc.o
                0x0000000008000f14                MX_LTDC_Init
 .text.HAL_LTDC_MspInit
                0x000000000800104c      0x2f8 Core/Src/ltdc.o
                0x000000000800104c                HAL_LTDC_MspInit
 .text.HAL_LTDC_ReloadEventCallback
                0x0000000008001344       0x1c Core/Src/ltdc.o
                0x0000000008001344                HAL_LTDC_ReloadEventCallback
 .text.main     0x0000000008001360      0x1c8 Core/Src/main.o
                0x0000000008001360                main
 .text.SystemClock_Config
                0x0000000008001528       0xf4 Core/Src/main.o
                0x0000000008001528                SystemClock_Config
 .text.PeriphCommonClock_Config
                0x000000000800161c       0x58 Core/Src/main.o
                0x000000000800161c                PeriphCommonClock_Config
 .text.MPU_Config
                0x0000000008001674       0x5a Core/Src/main.o
 *fill*         0x00000000080016ce        0x2 
 .text.Error_Handler
                0x00000000080016d0       0x1c Core/Src/main.o
                0x00000000080016d0                Error_Handler
 .text.MX_OCTOSPI1_Init
                0x00000000080016ec       0xe0 Core/Src/octospi.o
                0x00000000080016ec                MX_OCTOSPI1_Init
 .text.MX_OCTOSPI2_Init
                0x00000000080017cc       0xc4 Core/Src/octospi.o
                0x00000000080017cc                MX_OCTOSPI2_Init
 .text.HAL_OSPI_MspInit
                0x0000000008001890      0x290 Core/Src/octospi.o
                0x0000000008001890                HAL_OSPI_MspInit
 .text.HAL_MspInit
                0x0000000008001b20       0x34 Core/Src/stm32h7xx_hal_msp.o
                0x0000000008001b20                HAL_MspInit
 .text.NMI_Handler
                0x0000000008001b54        0x6 Core/Src/stm32h7xx_it.o
                0x0000000008001b54                NMI_Handler
 *fill*         0x0000000008001b5a        0x2 
 .text.HardFault_Handler
                0x0000000008001b5c       0x10 Core/Src/stm32h7xx_it.o
                0x0000000008001b5c                HardFault_Handler
 .text.MemManage_Handler
                0x0000000008001b6c       0x10 Core/Src/stm32h7xx_it.o
                0x0000000008001b6c                MemManage_Handler
 .text.BusFault_Handler
                0x0000000008001b7c        0x6 Core/Src/stm32h7xx_it.o
                0x0000000008001b7c                BusFault_Handler
 .text.UsageFault_Handler
                0x0000000008001b82        0x6 Core/Src/stm32h7xx_it.o
                0x0000000008001b82                UsageFault_Handler
 .text.SVC_Handler
                0x0000000008001b88        0xe Core/Src/stm32h7xx_it.o
                0x0000000008001b88                SVC_Handler
 .text.DebugMon_Handler
                0x0000000008001b96        0xe Core/Src/stm32h7xx_it.o
                0x0000000008001b96                DebugMon_Handler
 .text.PendSV_Handler
                0x0000000008001ba4        0xe Core/Src/stm32h7xx_it.o
                0x0000000008001ba4                PendSV_Handler
 .text.SysTick_Handler
                0x0000000008001bb2        0xc Core/Src/stm32h7xx_it.o
                0x0000000008001bb2                SysTick_Handler
 *fill*         0x0000000008001bbe        0x2 
 .text.DMA2_Stream1_IRQHandler
                0x0000000008001bc0       0x14 Core/Src/stm32h7xx_it.o
                0x0000000008001bc0                DMA2_Stream1_IRQHandler
 .text.DCMI_PSSI_IRQHandler
                0x0000000008001bd4       0x14 Core/Src/stm32h7xx_it.o
                0x0000000008001bd4                DCMI_PSSI_IRQHandler
 .text.LTDC_IRQHandler
                0x0000000008001be8       0x14 Core/Src/stm32h7xx_it.o
                0x0000000008001be8                LTDC_IRQHandler
 .text._sbrk    0x0000000008001bfc       0x6c Core/Src/sysmem.o
                0x0000000008001bfc                _sbrk
 .text.SystemInit
                0x0000000008001c68       0xf8 Core/Src/system_stm32h7xx.o
                0x0000000008001c68                SystemInit
 .text.MX_TIM2_Init
                0x0000000008001d60       0xec Core/Src/tim.o
                0x0000000008001d60                MX_TIM2_Init
 .text.HAL_TIM_Base_MspInit
                0x0000000008001e4c       0x40 Core/Src/tim.o
                0x0000000008001e4c                HAL_TIM_Base_MspInit
 .text.HAL_TIM_MspPostInit
                0x0000000008001e8c       0x70 Core/Src/tim.o
                0x0000000008001e8c                HAL_TIM_MspPostInit
 .text.MX_USART3_UART_Init
                0x0000000008001efc       0x98 Core/Src/usart.o
                0x0000000008001efc                MX_USART3_UART_Init
 .text.HAL_UART_MspInit
                0x0000000008001f94       0xcc Core/Src/usart.o
                0x0000000008001f94                HAL_UART_MspInit
 .text.Reset_Handler
                0x0000000008002060       0x50 Core/Startup/startup_stm32h725aeix.o
                0x0000000008002060                Reset_Handler
 .text.Default_Handler
                0x00000000080020b0        0x2 Core/Startup/startup_stm32h725aeix.o
                0x00000000080020b0                RTC_Alarm_IRQHandler
                0x00000000080020b0                EXTI2_IRQHandler
                0x00000000080020b0                TIM8_CC_IRQHandler
                0x00000000080020b0                UART8_IRQHandler
                0x00000000080020b0                SPI4_IRQHandler
                0x00000000080020b0                FDCAN3_IT0_IRQHandler
                0x00000000080020b0                TIM1_CC_IRQHandler
                0x00000000080020b0                BDMA_Channel6_IRQHandler
                0x00000000080020b0                DMA2_Stream5_IRQHandler
                0x00000000080020b0                DMA1_Stream5_IRQHandler
                0x00000000080020b0                CORDIC_IRQHandler
                0x00000000080020b0                BDMA_Channel1_IRQHandler
                0x00000000080020b0                TAMP_STAMP_IRQHandler
                0x00000000080020b0                EXTI3_IRQHandler
                0x00000000080020b0                LPTIM4_IRQHandler
                0x00000000080020b0                TIM8_TRG_COM_TIM14_IRQHandler
                0x00000000080020b0                LPTIM2_IRQHandler
                0x00000000080020b0                DFSDM1_FLT1_IRQHandler
                0x00000000080020b0                DMAMUX2_OVR_IRQHandler
                0x00000000080020b0                TIM8_UP_TIM13_IRQHandler
                0x00000000080020b0                I2C3_ER_IRQHandler
                0x00000000080020b0                DFSDM1_FLT2_IRQHandler
                0x00000000080020b0                I2C5_EV_IRQHandler
                0x00000000080020b0                USART10_IRQHandler
                0x00000000080020b0                MDMA_IRQHandler
                0x00000000080020b0                LPTIM3_IRQHandler
                0x00000000080020b0                HSEM1_IRQHandler
                0x00000000080020b0                EXTI0_IRQHandler
                0x00000000080020b0                I2C2_EV_IRQHandler
                0x00000000080020b0                DMA1_Stream2_IRQHandler
                0x00000000080020b0                FPU_IRQHandler
                0x00000000080020b0                OTG_HS_WKUP_IRQHandler
                0x00000000080020b0                FDCAN1_IT1_IRQHandler
                0x00000000080020b0                LTDC_ER_IRQHandler
                0x00000000080020b0                DMA2_Stream2_IRQHandler
                0x00000000080020b0                SPI1_IRQHandler
                0x00000000080020b0                OCTOSPI1_IRQHandler
                0x00000000080020b0                TIM6_DAC_IRQHandler
                0x00000000080020b0                DMA2_Stream3_IRQHandler
                0x00000000080020b0                OCTOSPI2_IRQHandler
                0x00000000080020b0                DFSDM1_FLT3_IRQHandler
                0x00000000080020b0                TIM23_IRQHandler
                0x00000000080020b0                USART6_IRQHandler
                0x00000000080020b0                TIM17_IRQHandler
                0x00000000080020b0                USART3_IRQHandler
                0x00000000080020b0                BDMA_Channel7_IRQHandler
                0x00000000080020b0                LPTIM5_IRQHandler
                0x00000000080020b0                UART5_IRQHandler
                0x00000000080020b0                ADC3_IRQHandler
                0x00000000080020b0                DMA2_Stream0_IRQHandler
                0x00000000080020b0                TIM4_IRQHandler
                0x00000000080020b0                BDMA_Channel2_IRQHandler
                0x00000000080020b0                I2C1_EV_IRQHandler
                0x00000000080020b0                DMA1_Stream6_IRQHandler
                0x00000000080020b0                DMAMUX1_OVR_IRQHandler
                0x00000000080020b0                DMA1_Stream1_IRQHandler
                0x00000000080020b0                TIM16_IRQHandler
                0x00000000080020b0                UART4_IRQHandler
                0x00000000080020b0                BDMA_Channel5_IRQHandler
                0x00000000080020b0                TIM3_IRQHandler
                0x00000000080020b0                RCC_IRQHandler
                0x00000000080020b0                UART9_IRQHandler
                0x00000000080020b0                TIM8_BRK_TIM12_IRQHandler
                0x00000000080020b0                TIM1_TRG_COM_IRQHandler
                0x00000000080020b0                Default_Handler
                0x00000000080020b0                ECC_IRQHandler
                0x00000000080020b0                FMAC_IRQHandler
                0x00000000080020b0                CEC_IRQHandler
                0x00000000080020b0                EXTI15_10_IRQHandler
                0x00000000080020b0                BDMA_Channel0_IRQHandler
                0x00000000080020b0                ADC_IRQHandler
                0x00000000080020b0                I2C5_ER_IRQHandler
                0x00000000080020b0                DMA1_Stream7_IRQHandler
                0x00000000080020b0                SPI5_IRQHandler
                0x00000000080020b0                TIM7_IRQHandler
                0x00000000080020b0                FDCAN3_IT1_IRQHandler
                0x00000000080020b0                SDMMC1_IRQHandler
                0x00000000080020b0                TIM5_IRQHandler
                0x00000000080020b0                DMA2_Stream7_IRQHandler
                0x00000000080020b0                TIM15_IRQHandler
                0x00000000080020b0                PVD_AVD_IRQHandler
                0x00000000080020b0                I2C3_EV_IRQHandler
                0x00000000080020b0                EXTI9_5_IRQHandler
                0x00000000080020b0                RTC_WKUP_IRQHandler
                0x00000000080020b0                ETH_WKUP_IRQHandler
                0x00000000080020b0                SPDIF_RX_IRQHandler
                0x00000000080020b0                SPI2_IRQHandler
                0x00000000080020b0                OTG_HS_EP1_IN_IRQHandler
                0x00000000080020b0                DMA1_Stream0_IRQHandler
                0x00000000080020b0                TIM24_IRQHandler
                0x00000000080020b0                CRS_IRQHandler
                0x00000000080020b0                EXTI4_IRQHandler
                0x00000000080020b0                RNG_IRQHandler
                0x00000000080020b0                FDCAN2_IT1_IRQHandler
                0x00000000080020b0                ETH_IRQHandler
                0x00000000080020b0                TIM1_UP_IRQHandler
                0x00000000080020b0                BDMA_Channel4_IRQHandler
                0x00000000080020b0                OTG_HS_EP1_OUT_IRQHandler
                0x00000000080020b0                WWDG_IRQHandler
                0x00000000080020b0                SPI6_IRQHandler
                0x00000000080020b0                MDIOS_IRQHandler
                0x00000000080020b0                I2C4_EV_IRQHandler
                0x00000000080020b0                FDCAN2_IT0_IRQHandler
                0x00000000080020b0                LPUART1_IRQHandler
                0x00000000080020b0                FDCAN1_IT0_IRQHandler
                0x00000000080020b0                TIM2_IRQHandler
                0x00000000080020b0                OTG_HS_IRQHandler
                0x00000000080020b0                DMA2D_IRQHandler
                0x00000000080020b0                TIM1_BRK_IRQHandler
                0x00000000080020b0                EXTI1_IRQHandler
                0x00000000080020b0                SDMMC2_IRQHandler
                0x00000000080020b0                BDMA_Channel3_IRQHandler
                0x00000000080020b0                DTS_IRQHandler
                0x00000000080020b0                UART7_IRQHandler
                0x00000000080020b0                MDIOS_WKUP_IRQHandler
                0x00000000080020b0                USART2_IRQHandler
                0x00000000080020b0                DFSDM1_FLT0_IRQHandler
                0x00000000080020b0                SAI4_IRQHandler
                0x00000000080020b0                I2C2_ER_IRQHandler
                0x00000000080020b0                FLASH_IRQHandler
                0x00000000080020b0                DMA2_Stream4_IRQHandler
                0x00000000080020b0                USART1_IRQHandler
                0x00000000080020b0                SPI3_IRQHandler
                0x00000000080020b0                WAKEUP_PIN_IRQHandler
                0x00000000080020b0                DMA1_Stream4_IRQHandler
                0x00000000080020b0                I2C1_ER_IRQHandler
                0x00000000080020b0                FMC_IRQHandler
                0x00000000080020b0                FDCAN_CAL_IRQHandler
                0x00000000080020b0                SWPMI1_IRQHandler
                0x00000000080020b0                COMP1_IRQHandler
                0x00000000080020b0                LPTIM1_IRQHandler
                0x00000000080020b0                I2C4_ER_IRQHandler
                0x00000000080020b0                DMA2_Stream6_IRQHandler
                0x00000000080020b0                SAI1_IRQHandler
                0x00000000080020b0                DMA1_Stream3_IRQHandler
 *fill*         0x00000000080020b2        0x2 
 .text.HAL_Init
                0x00000000080020b4       0x78 Drivers/STM32H7xx_HAL_Driver/Src/stm32h7xx_hal.o
                0x00000000080020b4                HAL_Init
 .text.HAL_InitTick
                0x000000000800212c       0x6c Drivers/STM32H7xx_HAL_Driver/Src/stm32h7xx_hal.o
                0x000000000800212c                HAL_InitTick
 .text.HAL_IncTick
                0x0000000008002198       0x28 Drivers/STM32H7xx_HAL_Driver/Src/stm32h7xx_hal.o
                0x0000000008002198                HAL_IncTick
 .text.HAL_GetTick
                0x00000000080021c0       0x18 Drivers/STM32H7xx_HAL_Driver/Src/stm32h7xx_hal.o
                0x00000000080021c0                HAL_GetTick
 .text.HAL_Delay
                0x00000000080021d8       0x48 Drivers/STM32H7xx_HAL_Driver/Src/stm32h7xx_hal.o
                0x00000000080021d8                HAL_Delay
 .text.__NVIC_SetPriorityGrouping
                0x0000000008002220       0x48 Drivers/STM32H7xx_HAL_Driver/Src/stm32h7xx_hal_cortex.o
 .text.__NVIC_GetPriorityGrouping
                0x0000000008002268       0x1c Drivers/STM32H7xx_HAL_Driver/Src/stm32h7xx_hal_cortex.o
 .text.__NVIC_EnableIRQ
                0x0000000008002284       0x3c Drivers/STM32H7xx_HAL_Driver/Src/stm32h7xx_hal_cortex.o
 .text.__NVIC_SetPriority
                0x00000000080022c0       0x54 Drivers/STM32H7xx_HAL_Driver/Src/stm32h7xx_hal_cortex.o
 .text.NVIC_EncodePriority
                0x0000000008002314       0x66 Drivers/STM32H7xx_HAL_Driver/Src/stm32h7xx_hal_cortex.o
 *fill*         0x000000000800237a        0x2 
 .text.SysTick_Config
                0x000000000800237c       0x44 Drivers/STM32H7xx_HAL_Driver/Src/stm32h7xx_hal_cortex.o
 .text.HAL_NVIC_SetPriorityGrouping
                0x00000000080023c0       0x16 Drivers/STM32H7xx_HAL_Driver/Src/stm32h7xx_hal_cortex.o
                0x00000000080023c0                HAL_NVIC_SetPriorityGrouping
 .text.HAL_NVIC_SetPriority
                0x00000000080023d6       0x34 Drivers/STM32H7xx_HAL_Driver/Src/stm32h7xx_hal_cortex.o
                0x00000000080023d6                HAL_NVIC_SetPriority
 .text.HAL_NVIC_EnableIRQ
                0x000000000800240a       0x1c Drivers/STM32H7xx_HAL_Driver/Src/stm32h7xx_hal_cortex.o
                0x000000000800240a                HAL_NVIC_EnableIRQ
 .text.HAL_SYSTICK_Config
                0x0000000008002426       0x18 Drivers/STM32H7xx_HAL_Driver/Src/stm32h7xx_hal_cortex.o
                0x0000000008002426                HAL_SYSTICK_Config
 *fill*         0x000000000800243e        0x2 
 .text.HAL_MPU_Disable
                0x0000000008002440       0x30 Drivers/STM32H7xx_HAL_Driver/Src/stm32h7xx_hal_cortex.o
                0x0000000008002440                HAL_MPU_Disable
 .text.HAL_MPU_Enable
                0x0000000008002470       0x40 Drivers/STM32H7xx_HAL_Driver/Src/stm32h7xx_hal_cortex.o
                0x0000000008002470                HAL_MPU_Enable
 .text.HAL_MPU_ConfigRegion
                0x00000000080024b0       0x88 Drivers/STM32H7xx_HAL_Driver/Src/stm32h7xx_hal_cortex.o
                0x00000000080024b0                HAL_MPU_ConfigRegion
 .text.HAL_DCMI_Init
                0x0000000008002538       0xf4 Drivers/STM32H7xx_HAL_Driver/Src/stm32h7xx_hal_dcmi.o
                0x0000000008002538                HAL_DCMI_Init
 .text.HAL_DCMI_Start_DMA
                0x000000000800262c      0x184 Drivers/STM32H7xx_HAL_Driver/Src/stm32h7xx_hal_dcmi.o
                0x000000000800262c                HAL_DCMI_Start_DMA
 .text.HAL_DCMI_IRQHandler
                0x00000000080027b0      0x104 Drivers/STM32H7xx_HAL_Driver/Src/stm32h7xx_hal_dcmi.o
                0x00000000080027b0                HAL_DCMI_IRQHandler
 .text.HAL_DCMI_ErrorCallback
                0x00000000080028b4       0x14 Drivers/STM32H7xx_HAL_Driver/Src/stm32h7xx_hal_dcmi.o
                0x00000000080028b4                HAL_DCMI_ErrorCallback
 .text.HAL_DCMI_LineEventCallback
                0x00000000080028c8       0x14 Drivers/STM32H7xx_HAL_Driver/Src/stm32h7xx_hal_dcmi.o
                0x00000000080028c8                HAL_DCMI_LineEventCallback
 .text.HAL_DCMI_VsyncEventCallback
                0x00000000080028dc       0x14 Drivers/STM32H7xx_HAL_Driver/Src/stm32h7xx_hal_dcmi.o
                0x00000000080028dc                HAL_DCMI_VsyncEventCallback
 .text.DCMI_DMAXferCplt
                0x00000000080028f0      0x126 Drivers/STM32H7xx_HAL_Driver/Src/stm32h7xx_hal_dcmi.o
 .text.DCMI_DMAError
                0x0000000008002a16       0x3a Drivers/STM32H7xx_HAL_Driver/Src/stm32h7xx_hal_dcmi.o
 .text.HAL_DMA_Init
                0x0000000008002a50      0x6b4 Drivers/STM32H7xx_HAL_Driver/Src/stm32h7xx_hal_dma.o
                0x0000000008002a50                HAL_DMA_Init
 .text.HAL_DMA_Start_IT
                0x0000000008003104      0x4d4 Drivers/STM32H7xx_HAL_Driver/Src/stm32h7xx_hal_dma.o
                0x0000000008003104                HAL_DMA_Start_IT
 .text.HAL_DMA_Abort_IT
                0x00000000080035d8      0x488 Drivers/STM32H7xx_HAL_Driver/Src/stm32h7xx_hal_dma.o
                0x00000000080035d8                HAL_DMA_Abort_IT
 .text.HAL_DMA_IRQHandler
                0x0000000008003a60      0xe54 Drivers/STM32H7xx_HAL_Driver/Src/stm32h7xx_hal_dma.o
                0x0000000008003a60                HAL_DMA_IRQHandler
 .text.DMA_SetConfig
                0x00000000080048b4      0x358 Drivers/STM32H7xx_HAL_Driver/Src/stm32h7xx_hal_dma.o
 .text.DMA_CalcBaseAndBitshift
                0x0000000008004c0c      0x164 Drivers/STM32H7xx_HAL_Driver/Src/stm32h7xx_hal_dma.o
 .text.DMA_CheckFifoParam
                0x0000000008004d70       0xf8 Drivers/STM32H7xx_HAL_Driver/Src/stm32h7xx_hal_dma.o
 .text.DMA_CalcDMAMUXChannelBaseAndMask
                0x0000000008004e68      0x134 Drivers/STM32H7xx_HAL_Driver/Src/stm32h7xx_hal_dma.o
 .text.DMA_CalcDMAMUXRequestGenBaseAndMask
                0x0000000008004f9c       0xe8 Drivers/STM32H7xx_HAL_Driver/Src/stm32h7xx_hal_dma.o
 .text.HAL_DMA2D_Init
                0x0000000008005084       0xc8 Drivers/STM32H7xx_HAL_Driver/Src/stm32h7xx_hal_dma2d.o
                0x0000000008005084                HAL_DMA2D_Init
 .text.HAL_DMA2D_ConfigLayer
                0x000000000800514c      0x168 Drivers/STM32H7xx_HAL_Driver/Src/stm32h7xx_hal_dma2d.o
                0x000000000800514c                HAL_DMA2D_ConfigLayer
 .text.HAL_DMAEx_MultiBufferStart_IT
                0x00000000080052b4      0x6bc Drivers/STM32H7xx_HAL_Driver/Src/stm32h7xx_hal_dma_ex.o
                0x00000000080052b4                HAL_DMAEx_MultiBufferStart_IT
 .text.HAL_DMAEx_ChangeMemory
                0x0000000008005970      0x138 Drivers/STM32H7xx_HAL_Driver/Src/stm32h7xx_hal_dma_ex.o
                0x0000000008005970                HAL_DMAEx_ChangeMemory
 .text.DMA_MultiBufferSetConfig
                0x0000000008005aa8      0x16c Drivers/STM32H7xx_HAL_Driver/Src/stm32h7xx_hal_dma_ex.o
 .text.HAL_GPIO_Init
                0x0000000008005c14      0x350 Drivers/STM32H7xx_HAL_Driver/Src/stm32h7xx_hal_gpio.o
                0x0000000008005c14                HAL_GPIO_Init
 .text.HAL_GPIO_DeInit
                0x0000000008005f64      0x204 Drivers/STM32H7xx_HAL_Driver/Src/stm32h7xx_hal_gpio.o
                0x0000000008005f64                HAL_GPIO_DeInit
 .text.HAL_GPIO_WritePin
                0x0000000008006168       0x32 Drivers/STM32H7xx_HAL_Driver/Src/stm32h7xx_hal_gpio.o
                0x0000000008006168                HAL_GPIO_WritePin
 *fill*         0x000000000800619a        0x2 
 .text.HAL_I2C_Init
                0x000000000800619c      0x120 Drivers/STM32H7xx_HAL_Driver/Src/stm32h7xx_hal_i2c.o
                0x000000000800619c                HAL_I2C_Init
 .text.HAL_I2C_DeInit
                0x00000000080062bc       0x5e Drivers/STM32H7xx_HAL_Driver/Src/stm32h7xx_hal_i2c.o
                0x00000000080062bc                HAL_I2C_DeInit
 *fill*         0x000000000800631a        0x2 
 .text.HAL_I2C_Mem_Write
                0x000000000800631c      0x228 Drivers/STM32H7xx_HAL_Driver/Src/stm32h7xx_hal_i2c.o
                0x000000000800631c                HAL_I2C_Mem_Write
 .text.HAL_I2C_Mem_Read
                0x0000000008006544      0x234 Drivers/STM32H7xx_HAL_Driver/Src/stm32h7xx_hal_i2c.o
                0x0000000008006544                HAL_I2C_Mem_Read
 .text.HAL_I2C_GetState
                0x0000000008006778       0x1c Drivers/STM32H7xx_HAL_Driver/Src/stm32h7xx_hal_i2c.o
                0x0000000008006778                HAL_I2C_GetState
 .text.I2C_RequestMemoryWrite
                0x0000000008006794       0xa8 Drivers/STM32H7xx_HAL_Driver/Src/stm32h7xx_hal_i2c.o
 .text.I2C_RequestMemoryRead
                0x000000000800683c       0xa8 Drivers/STM32H7xx_HAL_Driver/Src/stm32h7xx_hal_i2c.o
 .text.I2C_Flush_TXDR
                0x00000000080068e4       0x48 Drivers/STM32H7xx_HAL_Driver/Src/stm32h7xx_hal_i2c.o
 .text.I2C_WaitOnFlagUntilTimeout
                0x000000000800692c       0x80 Drivers/STM32H7xx_HAL_Driver/Src/stm32h7xx_hal_i2c.o
 .text.I2C_WaitOnTXISFlagUntilTimeout
                0x00000000080069ac       0x80 Drivers/STM32H7xx_HAL_Driver/Src/stm32h7xx_hal_i2c.o
 .text.I2C_WaitOnSTOPFlagUntilTimeout
                0x0000000008006a2c       0x78 Drivers/STM32H7xx_HAL_Driver/Src/stm32h7xx_hal_i2c.o
 .text.I2C_IsAcknowledgeFailed
                0x0000000008006aa4       0xcc Drivers/STM32H7xx_HAL_Driver/Src/stm32h7xx_hal_i2c.o
 .text.I2C_TransferConfig
                0x0000000008006b70       0x5c Drivers/STM32H7xx_HAL_Driver/Src/stm32h7xx_hal_i2c.o
 .text.HAL_I2CEx_ConfigAnalogFilter
                0x0000000008006bcc       0x96 Drivers/STM32H7xx_HAL_Driver/Src/stm32h7xx_hal_i2c_ex.o
                0x0000000008006bcc                HAL_I2CEx_ConfigAnalogFilter
 .text.HAL_I2CEx_ConfigDigitalFilter
                0x0000000008006c62       0x98 Drivers/STM32H7xx_HAL_Driver/Src/stm32h7xx_hal_i2c_ex.o
                0x0000000008006c62                HAL_I2CEx_ConfigDigitalFilter
 .text.HAL_IWDG_Init
                0x0000000008006cfa       0x9e Drivers/STM32H7xx_HAL_Driver/Src/stm32h7xx_hal_iwdg.o
                0x0000000008006cfa                HAL_IWDG_Init
 .text.HAL_IWDG_Refresh
                0x0000000008006d98       0x20 Drivers/STM32H7xx_HAL_Driver/Src/stm32h7xx_hal_iwdg.o
                0x0000000008006d98                HAL_IWDG_Refresh
 .text.HAL_LTDC_Init
                0x0000000008006db8      0x1a0 Drivers/STM32H7xx_HAL_Driver/Src/stm32h7xx_hal_ltdc.o
                0x0000000008006db8                HAL_LTDC_Init
 .text.HAL_LTDC_IRQHandler
                0x0000000008006f58      0x148 Drivers/STM32H7xx_HAL_Driver/Src/stm32h7xx_hal_ltdc.o
                0x0000000008006f58                HAL_LTDC_IRQHandler
 .text.HAL_LTDC_ErrorCallback
                0x00000000080070a0       0x14 Drivers/STM32H7xx_HAL_Driver/Src/stm32h7xx_hal_ltdc.o
                0x00000000080070a0                HAL_LTDC_ErrorCallback
 .text.HAL_LTDC_LineEventCallback
                0x00000000080070b4       0x14 Drivers/STM32H7xx_HAL_Driver/Src/stm32h7xx_hal_ltdc.o
                0x00000000080070b4                HAL_LTDC_LineEventCallback
 .text.HAL_LTDC_ConfigLayer
                0x00000000080070c8       0x7c Drivers/STM32H7xx_HAL_Driver/Src/stm32h7xx_hal_ltdc.o
                0x00000000080070c8                HAL_LTDC_ConfigLayer
 .text.LTDC_SetConfig
                0x0000000008007144      0x334 Drivers/STM32H7xx_HAL_Driver/Src/stm32h7xx_hal_ltdc.o
 .text.HAL_OSPI_Init
                0x0000000008007478      0x180 Drivers/STM32H7xx_HAL_Driver/Src/stm32h7xx_hal_ospi.o
                0x0000000008007478                HAL_OSPI_Init
 .text.HAL_OSPI_Command
                0x00000000080075f8      0x11a Drivers/STM32H7xx_HAL_Driver/Src/stm32h7xx_hal_ospi.o
                0x00000000080075f8                HAL_OSPI_Command
 .text.HAL_OSPI_Transmit
                0x0000000008007712       0xe6 Drivers/STM32H7xx_HAL_Driver/Src/stm32h7xx_hal_ospi.o
                0x0000000008007712                HAL_OSPI_Transmit
 .text.HAL_OSPI_Receive
                0x00000000080077f8      0x146 Drivers/STM32H7xx_HAL_Driver/Src/stm32h7xx_hal_ospi.o
                0x00000000080077f8                HAL_OSPI_Receive
 *fill*         0x000000000800793e        0x2 
 .text.HAL_OSPI_MemoryMapped
                0x0000000008007940       0x9c Drivers/STM32H7xx_HAL_Driver/Src/stm32h7xx_hal_ospi.o
                0x0000000008007940                HAL_OSPI_MemoryMapped
 .text.HAL_OSPI_SetTimeout
                0x00000000080079dc       0x1e Drivers/STM32H7xx_HAL_Driver/Src/stm32h7xx_hal_ospi.o
                0x00000000080079dc                HAL_OSPI_SetTimeout
 *fill*         0x00000000080079fa        0x2 
 .text.HAL_OSPIM_Config
                0x00000000080079fc      0xa2c Drivers/STM32H7xx_HAL_Driver/Src/stm32h7xx_hal_ospi.o
                0x00000000080079fc                HAL_OSPIM_Config
 .text.OSPI_WaitFlagStateUntilTimeout
                0x0000000008008428       0x6e Drivers/STM32H7xx_HAL_Driver/Src/stm32h7xx_hal_ospi.o
 *fill*         0x0000000008008496        0x2 
 .text.OSPI_ConfigCmd
                0x0000000008008498      0x2f4 Drivers/STM32H7xx_HAL_Driver/Src/stm32h7xx_hal_ospi.o
 .text.OSPIM_GetConfig
                0x000000000800878c      0x174 Drivers/STM32H7xx_HAL_Driver/Src/stm32h7xx_hal_ospi.o
 .text.HAL_PWREx_ConfigSupply
                0x0000000008008900       0xb4 Drivers/STM32H7xx_HAL_Driver/Src/stm32h7xx_hal_pwr_ex.o
                0x0000000008008900                HAL_PWREx_ConfigSupply
 .text.HAL_RCC_OscConfig
                0x00000000080089b4      0x71c Drivers/STM32H7xx_HAL_Driver/Src/stm32h7xx_hal_rcc.o
                0x00000000080089b4                HAL_RCC_OscConfig
 .text.HAL_RCC_ClockConfig
                0x00000000080090d0      0x36c Drivers/STM32H7xx_HAL_Driver/Src/stm32h7xx_hal_rcc.o
                0x00000000080090d0                HAL_RCC_ClockConfig
 .text.HAL_RCC_GetSysClockFreq
                0x000000000800943c      0x2f4 Drivers/STM32H7xx_HAL_Driver/Src/stm32h7xx_hal_rcc.o
                0x000000000800943c                HAL_RCC_GetSysClockFreq
 .text.HAL_RCC_GetHCLKFreq
                0x0000000008009730       0x60 Drivers/STM32H7xx_HAL_Driver/Src/stm32h7xx_hal_rcc.o
                0x0000000008009730                HAL_RCC_GetHCLKFreq
 .text.HAL_RCC_GetPCLK1Freq
                0x0000000008009790       0x2c Drivers/STM32H7xx_HAL_Driver/Src/stm32h7xx_hal_rcc.o
                0x0000000008009790                HAL_RCC_GetPCLK1Freq
 .text.HAL_RCC_GetPCLK2Freq
                0x00000000080097bc       0x2c Drivers/STM32H7xx_HAL_Driver/Src/stm32h7xx_hal_rcc.o
                0x00000000080097bc                HAL_RCC_GetPCLK2Freq
 .text.HAL_RCCEx_PeriphCLKConfig
                0x00000000080097e8      0xdf4 Drivers/STM32H7xx_HAL_Driver/Src/stm32h7xx_hal_rcc_ex.o
                0x00000000080097e8                HAL_RCCEx_PeriphCLKConfig
 .text.HAL_RCCEx_GetD3PCLK1Freq
                0x000000000800a5dc       0x2c Drivers/STM32H7xx_HAL_Driver/Src/stm32h7xx_hal_rcc_ex.o
                0x000000000800a5dc                HAL_RCCEx_GetD3PCLK1Freq
 .text.HAL_RCCEx_GetPLL2ClockFreq
                0x000000000800a608      0x2a8 Drivers/STM32H7xx_HAL_Driver/Src/stm32h7xx_hal_rcc_ex.o
                0x000000000800a608                HAL_RCCEx_GetPLL2ClockFreq
 .text.HAL_RCCEx_GetPLL3ClockFreq
                0x000000000800a8b0      0x2a8 Drivers/STM32H7xx_HAL_Driver/Src/stm32h7xx_hal_rcc_ex.o
                0x000000000800a8b0                HAL_RCCEx_GetPLL3ClockFreq
 .text.RCCEx_PLL2_Config
                0x000000000800ab58      0x164 Drivers/STM32H7xx_HAL_Driver/Src/stm32h7xx_hal_rcc_ex.o
 .text.RCCEx_PLL3_Config
                0x000000000800acbc      0x164 Drivers/STM32H7xx_HAL_Driver/Src/stm32h7xx_hal_rcc_ex.o
 .text.HAL_TIM_Base_Init
                0x000000000800ae20       0xae Drivers/STM32H7xx_HAL_Driver/Src/stm32h7xx_hal_tim.o
                0x000000000800ae20                HAL_TIM_Base_Init
 .text.HAL_TIM_PWM_Init
                0x000000000800aece       0xae Drivers/STM32H7xx_HAL_Driver/Src/stm32h7xx_hal_tim.o
                0x000000000800aece                HAL_TIM_PWM_Init
 .text.HAL_TIM_PWM_MspInit
                0x000000000800af7c       0x14 Drivers/STM32H7xx_HAL_Driver/Src/stm32h7xx_hal_tim.o
                0x000000000800af7c                HAL_TIM_PWM_MspInit
 .text.HAL_TIM_PWM_Start
                0x000000000800af90      0x238 Drivers/STM32H7xx_HAL_Driver/Src/stm32h7xx_hal_tim.o
                0x000000000800af90                HAL_TIM_PWM_Start
 .text.HAL_TIM_PWM_ConfigChannel
                0x000000000800b1c8      0x220 Drivers/STM32H7xx_HAL_Driver/Src/stm32h7xx_hal_tim.o
                0x000000000800b1c8                HAL_TIM_PWM_ConfigChannel
 .text.HAL_TIM_ConfigClockSource
                0x000000000800b3e8      0x1e8 Drivers/STM32H7xx_HAL_Driver/Src/stm32h7xx_hal_tim.o
                0x000000000800b3e8                HAL_TIM_ConfigClockSource
 .text.TIM_Base_SetConfig
                0x000000000800b5d0      0x14c Drivers/STM32H7xx_HAL_Driver/Src/stm32h7xx_hal_tim.o
                0x000000000800b5d0                TIM_Base_SetConfig
 .text.TIM_OC1_SetConfig
                0x000000000800b71c      0x120 Drivers/STM32H7xx_HAL_Driver/Src/stm32h7xx_hal_tim.o
 .text.TIM_OC2_SetConfig
                0x000000000800b83c      0x114 Drivers/STM32H7xx_HAL_Driver/Src/stm32h7xx_hal_tim.o
                0x000000000800b83c                TIM_OC2_SetConfig
 .text.TIM_OC3_SetConfig
                0x000000000800b950      0x10c Drivers/STM32H7xx_HAL_Driver/Src/stm32h7xx_hal_tim.o
 .text.TIM_OC4_SetConfig
                0x000000000800ba5c       0xd0 Drivers/STM32H7xx_HAL_Driver/Src/stm32h7xx_hal_tim.o
 .text.TIM_OC5_SetConfig
                0x000000000800bb2c       0xc4 Drivers/STM32H7xx_HAL_Driver/Src/stm32h7xx_hal_tim.o
 .text.TIM_OC6_SetConfig
                0x000000000800bbf0       0xc8 Drivers/STM32H7xx_HAL_Driver/Src/stm32h7xx_hal_tim.o
 .text.TIM_TI1_ConfigInputStage
                0x000000000800bcb8       0x5e Drivers/STM32H7xx_HAL_Driver/Src/stm32h7xx_hal_tim.o
 .text.TIM_TI2_ConfigInputStage
                0x000000000800bd16       0x60 Drivers/STM32H7xx_HAL_Driver/Src/stm32h7xx_hal_tim.o
 *fill*         0x000000000800bd76        0x2 
 .text.TIM_ITRx_SetConfig
                0x000000000800bd78       0x3c Drivers/STM32H7xx_HAL_Driver/Src/stm32h7xx_hal_tim.o
 .text.TIM_ETR_SetConfig
                0x000000000800bdb4       0x40 Drivers/STM32H7xx_HAL_Driver/Src/stm32h7xx_hal_tim.o
                0x000000000800bdb4                TIM_ETR_SetConfig
 .text.TIM_CCxChannelCmd
                0x000000000800bdf4       0x4a Drivers/STM32H7xx_HAL_Driver/Src/stm32h7xx_hal_tim.o
                0x000000000800bdf4                TIM_CCxChannelCmd
 *fill*         0x000000000800be3e        0x2 
 .text.HAL_TIMEx_MasterConfigSynchronization
                0x000000000800be40      0x138 Drivers/STM32H7xx_HAL_Driver/Src/stm32h7xx_hal_tim_ex.o
                0x000000000800be40                HAL_TIMEx_MasterConfigSynchronization
 .text.HAL_UART_Init
                0x000000000800bf78       0xa0 Drivers/STM32H7xx_HAL_Driver/Src/stm32h7xx_hal_uart.o
                0x000000000800bf78                HAL_UART_Init
 .text.HAL_UART_Transmit
                0x000000000800c018      0x12c Drivers/STM32H7xx_HAL_Driver/Src/stm32h7xx_hal_uart.o
                0x000000000800c018                HAL_UART_Transmit
 .text.UART_SetConfig
                0x000000000800c144      0xcbc Drivers/STM32H7xx_HAL_Driver/Src/stm32h7xx_hal_uart.o
                0x000000000800c144                UART_SetConfig
 .text.UART_AdvFeatureConfig
                0x000000000800ce00      0x144 Drivers/STM32H7xx_HAL_Driver/Src/stm32h7xx_hal_uart.o
                0x000000000800ce00                UART_AdvFeatureConfig
 .text.UART_CheckIdleState
                0x000000000800cf44       0x96 Drivers/STM32H7xx_HAL_Driver/Src/stm32h7xx_hal_uart.o
                0x000000000800cf44                UART_CheckIdleState
 .text.UART_WaitOnFlagUntilTimeout
                0x000000000800cfda      0x100 Drivers/STM32H7xx_HAL_Driver/Src/stm32h7xx_hal_uart.o
                0x000000000800cfda                UART_WaitOnFlagUntilTimeout
 .text.HAL_UARTEx_DisableFifoMode
                0x000000000800d0da       0x72 Drivers/STM32H7xx_HAL_Driver/Src/stm32h7xx_hal_uart_ex.o
                0x000000000800d0da                HAL_UARTEx_DisableFifoMode
 .text.HAL_UARTEx_SetTxFifoThreshold
                0x000000000800d14c       0x7c Drivers/STM32H7xx_HAL_Driver/Src/stm32h7xx_hal_uart_ex.o
                0x000000000800d14c                HAL_UARTEx_SetTxFifoThreshold
 .text.HAL_UARTEx_SetRxFifoThreshold
                0x000000000800d1c8       0x7c Drivers/STM32H7xx_HAL_Driver/Src/stm32h7xx_hal_uart_ex.o
                0x000000000800d1c8                HAL_UARTEx_SetRxFifoThreshold
 .text.UARTEx_SetNbDataToProcess
                0x000000000800d244       0x9c Drivers/STM32H7xx_HAL_Driver/Src/stm32h7xx_hal_uart_ex.o
 .text.DLYB_OCTOSPI1_Calibration
                0x000000000800d2e0      0x1a8 Drivers/USER/APS6408L/AP6408L.o
                0x000000000800d2e0                DLYB_OCTOSPI1_Calibration
 .text.PsramRegRead
                0x000000000800d488       0x98 Drivers/USER/APS6408L/AP6408L.o
                0x000000000800d488                PsramRegRead
 .text.PsramRegWrite
                0x000000000800d520       0x98 Drivers/USER/APS6408L/AP6408L.o
                0x000000000800d520                PsramRegWrite
 .text.EnableMemMapped
                0x000000000800d5b8       0xbc Drivers/USER/APS6408L/AP6408L.o
                0x000000000800d5b8                EnableMemMapped
 .text.Psram_Set_DQS
                0x000000000800d674       0x7c Drivers/USER/APS6408L/AP6408L.o
                0x000000000800d674                Psram_Set_DQS
 .text.LOG      0x000000000800d6f0       0x70 Drivers/USER/LOG_UART3/LOG.o
                0x000000000800d6f0                LOG
 .text.OV2640_Init
                0x000000000800d760       0x58 Drivers/USER/OV2640/ov2640.o
                0x000000000800d760                OV2640_Init
 .text.OV2640_Reset
                0x000000000800d7b8       0x18 Drivers/USER/OV2640/ov2640.o
                0x000000000800d7b8                OV2640_Reset
 .text.OV2640_ReadID
                0x000000000800d7d0       0x50 Drivers/USER/OV2640/ov2640.o
                0x000000000800d7d0                OV2640_ReadID
 .text.OV2640_OutSize_Set
                0x000000000800d820       0xae Drivers/USER/OV2640/ov2640.o
                0x000000000800d820                OV2640_OutSize_Set
 *fill*         0x000000000800d8ce        0x2 
 .text.OV2640_UXGAConfig
                0x000000000800d8d0       0x64 Drivers/USER/OV2640/ov2640.o
                0x000000000800d8d0                OV2640_UXGAConfig
 .text.OV2640_Start
                0x000000000800d934       0x28 Drivers/USER/OV2640/ov2640.o
                0x000000000800d934                OV2640_Start
 .text.OV2640_DMA_Config
                0x000000000800d95c      0x110 Drivers/USER/OV2640/ov2640.o
                0x000000000800d95c                OV2640_DMA_Config
 .text.HAL_DCMI_FrameEventCallback
                0x000000000800da6c       0xc0 Drivers/USER/OV2640/ov2640.o
                0x000000000800da6c                HAL_DCMI_FrameEventCallback
 .text.I2Cx_Error
                0x000000000800db2c       0x70 Drivers/USER/OV2640/ov2640.o
 .text.OV2640_WriteReg
                0x000000000800db9c       0x50 Drivers/USER/OV2640/ov2640.o
                0x000000000800db9c                OV2640_WriteReg
 .text.OV2640_ReadReg
                0x000000000800dbec       0x50 Drivers/USER/OV2640/ov2640.o
                0x000000000800dbec                OV2640_ReadReg
 .text.LCD_Draw_Point_RGB565
                0x000000000800dc3c       0x3a Drivers/USER/RGB888_LCD/LCD.o
                0x000000000800dc3c                LCD_Draw_Point_RGB565
 *fill*         0x000000000800dc76        0x2 
 .text.LCD_Draw_Char_RGB565
                0x000000000800dc78      0x164 Drivers/USER/RGB888_LCD/LCD.o
                0x000000000800dc78                LCD_Draw_Char_RGB565
 .text.LCD_ShowString_RGB565
                0x000000000800dddc       0x9a Drivers/USER/RGB888_LCD/LCD.o
                0x000000000800dddc                LCD_ShowString_RGB565
 *fill*         0x000000000800de76        0x2 
 .text.__errno  0x000000000800de78        0xc f:/cubeide/stm32cubeide_1.6.0/stm32cubeide/plugins/com.st.stm32cube.ide.mcu.externaltools.gnu-tools-for-stm32.9-2020-q2-update.win32_1.5.0.202011040924/tools/bin/../lib/gcc/arm-none-eabi/9.3.1/../../../../arm-none-eabi/lib/thumb/v7e-m+dp/hard\libc_nano.a(lib_a-errno.o)
                0x000000000800de78                __errno
 .text.__libc_init_array
                0x000000000800de84       0x48 f:/cubeide/stm32cubeide_1.6.0/stm32cubeide/plugins/com.st.stm32cube.ide.mcu.externaltools.gnu-tools-for-stm32.9-2020-q2-update.win32_1.5.0.202011040924/tools/bin/../lib/gcc/arm-none-eabi/9.3.1/../../../../arm-none-eabi/lib/thumb/v7e-m+dp/hard\libc_nano.a(lib_a-init.o)
                0x000000000800de84                __libc_init_array
 .text.memcpy   0x000000000800decc       0x1c f:/cubeide/stm32cubeide_1.6.0/stm32cubeide/plugins/com.st.stm32cube.ide.mcu.externaltools.gnu-tools-for-stm32.9-2020-q2-update.win32_1.5.0.202011040924/tools/bin/../lib/gcc/arm-none-eabi/9.3.1/../../../../arm-none-eabi/lib/thumb/v7e-m+dp/hard\libc_nano.a(lib_a-memcpy-stub.o)
                0x000000000800decc                memcpy
 .text.memset   0x000000000800dee8       0x10 f:/cubeide/stm32cubeide_1.6.0/stm32cubeide/plugins/com.st.stm32cube.ide.mcu.externaltools.gnu-tools-for-stm32.9-2020-q2-update.win32_1.5.0.202011040924/tools/bin/../lib/gcc/arm-none-eabi/9.3.1/../../../../arm-none-eabi/lib/thumb/v7e-m+dp/hard\libc_nano.a(lib_a-memset.o)
                0x000000000800dee8                memset
 .text._vsnprintf_r
                0x000000000800def8       0x58 f:/cubeide/stm32cubeide_1.6.0/stm32cubeide/plugins/com.st.stm32cube.ide.mcu.externaltools.gnu-tools-for-stm32.9-2020-q2-update.win32_1.5.0.202011040924/tools/bin/../lib/gcc/arm-none-eabi/9.3.1/../../../../arm-none-eabi/lib/thumb/v7e-m+dp/hard\libc_nano.a(lib_a-vsnprintf.o)
                0x000000000800def8                _vsniprintf_r
                0x000000000800def8                _vsnprintf_r
 .text.vsnprintf
                0x000000000800df50       0x1c f:/cubeide/stm32cubeide_1.6.0/stm32cubeide/plugins/com.st.stm32cube.ide.mcu.externaltools.gnu-tools-for-stm32.9-2020-q2-update.win32_1.5.0.202011040924/tools/bin/../lib/gcc/arm-none-eabi/9.3.1/../../../../arm-none-eabi/lib/thumb/v7e-m+dp/hard\libc_nano.a(lib_a-vsnprintf.o)
                0x000000000800df50                vsniprintf
                0x000000000800df50                vsnprintf
 .text.__retarget_lock_acquire_recursive
                0x000000000800df6c        0x2 f:/cubeide/stm32cubeide_1.6.0/stm32cubeide/plugins/com.st.stm32cube.ide.mcu.externaltools.gnu-tools-for-stm32.9-2020-q2-update.win32_1.5.0.202011040924/tools/bin/../lib/gcc/arm-none-eabi/9.3.1/../../../../arm-none-eabi/lib/thumb/v7e-m+dp/hard\libc_nano.a(lib_a-lock.o)
                0x000000000800df6c                __retarget_lock_acquire_recursive
 .text.__retarget_lock_release_recursive
                0x000000000800df6e        0x2 f:/cubeide/stm32cubeide_1.6.0/stm32cubeide/plugins/com.st.stm32cube.ide.mcu.externaltools.gnu-tools-for-stm32.9-2020-q2-update.win32_1.5.0.202011040924/tools/bin/../lib/gcc/arm-none-eabi/9.3.1/../../../../arm-none-eabi/lib/thumb/v7e-m+dp/hard\libc_nano.a(lib_a-lock.o)
                0x000000000800df6e                __retarget_lock_release_recursive
 .text._malloc_r
                0x000000000800df70       0xb4 f:/cubeide/stm32cubeide_1.6.0/stm32cubeide/plugins/com.st.stm32cube.ide.mcu.externaltools.gnu-tools-for-stm32.9-2020-q2-update.win32_1.5.0.202011040924/tools/bin/../lib/gcc/arm-none-eabi/9.3.1/../../../../arm-none-eabi/lib/thumb/v7e-m+dp/hard\libc_nano.a(lib_a-nano-mallocr.o)
                0x000000000800df70                _malloc_r
 .text.__ssputs_r
                0x000000000800e024       0xb6 f:/cubeide/stm32cubeide_1.6.0/stm32cubeide/plugins/com.st.stm32cube.ide.mcu.externaltools.gnu-tools-for-stm32.9-2020-q2-update.win32_1.5.0.202011040924/tools/bin/../lib/gcc/arm-none-eabi/9.3.1/../../../../arm-none-eabi/lib/thumb/v7e-m+dp/hard\libc_nano.a(lib_a-nano-svfprintf.o)
                0x000000000800e024                __ssputs_r
 *fill*         0x000000000800e0da        0x2 
 .text._svfprintf_r
                0x000000000800e0dc      0x200 f:/cubeide/stm32cubeide_1.6.0/stm32cubeide/plugins/com.st.stm32cube.ide.mcu.externaltools.gnu-tools-for-stm32.9-2020-q2-update.win32_1.5.0.202011040924/tools/bin/../lib/gcc/arm-none-eabi/9.3.1/../../../../arm-none-eabi/lib/thumb/v7e-m+dp/hard\libc_nano.a(lib_a-nano-svfprintf.o)
                0x000000000800e0dc                _svfiprintf_r
                0x000000000800e0dc                _svfprintf_r
 .text._printf_common
                0x000000000800e2dc       0xda f:/cubeide/stm32cubeide_1.6.0/stm32cubeide/plugins/com.st.stm32cube.ide.mcu.externaltools.gnu-tools-for-stm32.9-2020-q2-update.win32_1.5.0.202011040924/tools/bin/../lib/gcc/arm-none-eabi/9.3.1/../../../../arm-none-eabi/lib/thumb/v7e-m+dp/hard\libc_nano.a(lib_a-nano-vfprintf_i.o)
                0x000000000800e2dc                _printf_common
 *fill*         0x000000000800e3b6        0x2 
 .text._printf_i
                0x000000000800e3b8      0x24c f:/cubeide/stm32cubeide_1.6.0/stm32cubeide/plugins/com.st.stm32cube.ide.mcu.externaltools.gnu-tools-for-stm32.9-2020-q2-update.win32_1.5.0.202011040924/tools/bin/../lib/gcc/arm-none-eabi/9.3.1/../../../../arm-none-eabi/lib/thumb/v7e-m+dp/hard\libc_nano.a(lib_a-nano-vfprintf_i.o)
                0x000000000800e3b8                _printf_i
 .text._sbrk_r  0x000000000800e604       0x20 f:/cubeide/stm32cubeide_1.6.0/stm32cubeide/plugins/com.st.stm32cube.ide.mcu.externaltools.gnu-tools-for-stm32.9-2020-q2-update.win32_1.5.0.202011040924/tools/bin/../lib/gcc/arm-none-eabi/9.3.1/../../../../arm-none-eabi/lib/thumb/v7e-m+dp/hard\libc_nano.a(lib_a-sbrkr.o)
                0x000000000800e604                _sbrk_r
 .text.memmove  0x000000000800e624       0x34 f:/cubeide/stm32cubeide_1.6.0/stm32cubeide/plugins/com.st.stm32cube.ide.mcu.externaltools.gnu-tools-for-stm32.9-2020-q2-update.win32_1.5.0.202011040924/tools/bin/../lib/gcc/arm-none-eabi/9.3.1/../../../../arm-none-eabi/lib/thumb/v7e-m+dp/hard\libc_nano.a(lib_a-memmove.o)
                0x000000000800e624                memmove
 .text.__malloc_lock
                0x000000000800e658        0xc f:/cubeide/stm32cubeide_1.6.0/stm32cubeide/plugins/com.st.stm32cube.ide.mcu.externaltools.gnu-tools-for-stm32.9-2020-q2-update.win32_1.5.0.202011040924/tools/bin/../lib/gcc/arm-none-eabi/9.3.1/../../../../arm-none-eabi/lib/thumb/v7e-m+dp/hard\libc_nano.a(lib_a-mlock.o)
                0x000000000800e658                __malloc_lock
 .text.__malloc_unlock
                0x000000000800e664        0xc f:/cubeide/stm32cubeide_1.6.0/stm32cubeide/plugins/com.st.stm32cube.ide.mcu.externaltools.gnu-tools-for-stm32.9-2020-q2-update.win32_1.5.0.202011040924/tools/bin/../lib/gcc/arm-none-eabi/9.3.1/../../../../arm-none-eabi/lib/thumb/v7e-m+dp/hard\libc_nano.a(lib_a-mlock.o)
                0x000000000800e664                __malloc_unlock
 .text._free_r  0x000000000800e670       0xa0 f:/cubeide/stm32cubeide_1.6.0/stm32cubeide/plugins/com.st.stm32cube.ide.mcu.externaltools.gnu-tools-for-stm32.9-2020-q2-update.win32_1.5.0.202011040924/tools/bin/../lib/gcc/arm-none-eabi/9.3.1/../../../../arm-none-eabi/lib/thumb/v7e-m+dp/hard\libc_nano.a(lib_a-nano-freer.o)
                0x000000000800e670                _free_r
 .text._realloc_r
                0x000000000800e710       0x4c f:/cubeide/stm32cubeide_1.6.0/stm32cubeide/plugins/com.st.stm32cube.ide.mcu.externaltools.gnu-tools-for-stm32.9-2020-q2-update.win32_1.5.0.202011040924/tools/bin/../lib/gcc/arm-none-eabi/9.3.1/../../../../arm-none-eabi/lib/thumb/v7e-m+dp/hard\libc_nano.a(lib_a-nano-reallocr.o)
                0x000000000800e710                _realloc_r
 .text._malloc_usable_size_r
                0x000000000800e75c       0x10 f:/cubeide/stm32cubeide_1.6.0/stm32cubeide/plugins/com.st.stm32cube.ide.mcu.externaltools.gnu-tools-for-stm32.9-2020-q2-update.win32_1.5.0.202011040924/tools/bin/../lib/gcc/arm-none-eabi/9.3.1/../../../../arm-none-eabi/lib/thumb/v7e-m+dp/hard\libc_nano.a(lib_a-nano-msizer.o)
                0x000000000800e75c                _malloc_usable_size_r
 *(.glue_7)
 .glue_7        0x000000000800e76c        0x0 linker stubs
 *(.glue_7t)
 .glue_7t       0x000000000800e76c        0x0 linker stubs
 *(.eh_frame)
 .eh_frame      0x000000000800e76c        0x0 f:/cubeide/stm32cubeide_1.6.0/stm32cubeide/plugins/com.st.stm32cube.ide.mcu.externaltools.gnu-tools-for-stm32.9-2020-q2-update.win32_1.5.0.202011040924/tools/bin/../lib/gcc/arm-none-eabi/9.3.1/thumb/v7e-m+dp/hard/crtbegin.o
 *(.init)
 .init          0x000000000800e76c        0x4 f:/cubeide/stm32cubeide_1.6.0/stm32cubeide/plugins/com.st.stm32cube.ide.mcu.externaltools.gnu-tools-for-stm32.9-2020-q2-update.win32_1.5.0.202011040924/tools/bin/../lib/gcc/arm-none-eabi/9.3.1/thumb/v7e-m+dp/hard/crti.o
                0x000000000800e76c                _init
 .init          0x000000000800e770        0x8 f:/cubeide/stm32cubeide_1.6.0/stm32cubeide/plugins/com.st.stm32cube.ide.mcu.externaltools.gnu-tools-for-stm32.9-2020-q2-update.win32_1.5.0.202011040924/tools/bin/../lib/gcc/arm-none-eabi/9.3.1/thumb/v7e-m+dp/hard/crtn.o
 *(.fini)
 .fini          0x000000000800e778        0x4 f:/cubeide/stm32cubeide_1.6.0/stm32cubeide/plugins/com.st.stm32cube.ide.mcu.externaltools.gnu-tools-for-stm32.9-2020-q2-update.win32_1.5.0.202011040924/tools/bin/../lib/gcc/arm-none-eabi/9.3.1/thumb/v7e-m+dp/hard/crti.o
                0x000000000800e778                _fini
 .fini          0x000000000800e77c        0x8 f:/cubeide/stm32cubeide_1.6.0/stm32cubeide/plugins/com.st.stm32cube.ide.mcu.externaltools.gnu-tools-for-stm32.9-2020-q2-update.win32_1.5.0.202011040924/tools/bin/../lib/gcc/arm-none-eabi/9.3.1/thumb/v7e-m+dp/hard/crtn.o
                0x000000000800e784                . = ALIGN (0x4)
                0x000000000800e784                _etext = .

.vfp11_veneer   0x000000000800e784        0x0
 .vfp11_veneer  0x000000000800e784        0x0 linker stubs

.v4_bx          0x000000000800e784        0x0
 .v4_bx         0x000000000800e784        0x0 linker stubs

.iplt           0x000000000800e784        0x0
 .iplt          0x000000000800e784        0x0 f:/cubeide/stm32cubeide_1.6.0/stm32cubeide/plugins/com.st.stm32cube.ide.mcu.externaltools.gnu-tools-for-stm32.9-2020-q2-update.win32_1.5.0.202011040924/tools/bin/../lib/gcc/arm-none-eabi/9.3.1/thumb/v7e-m+dp/hard/crtbegin.o

.rodata         0x000000000800e784     0x4ad4
                0x000000000800e784                . = ALIGN (0x4)
 *(.rodata)
 .rodata        0x000000000800e784       0x1d Core/Src/ltdc.o
 *fill*         0x000000000800e7a1        0x3 
 .rodata        0x000000000800e7a4       0x22 Core/Src/main.o
 *fill*         0x000000000800e7c6        0x2 
 .rodata        0x000000000800e7c8       0x28 Core/Src/stm32h7xx_it.o
 .rodata        0x000000000800e7f0       0x61 Drivers/USER/APS6408L/AP6408L.o
 *fill*         0x000000000800e851        0x3 
 .rodata        0x000000000800e854       0x31 Drivers/USER/OV2640/ov2640.o
 *(.rodata*)
 *fill*         0x000000000800e885        0x3 
 .rodata.D1CorePrescTable
                0x000000000800e888       0x10 Core/Src/system_stm32h7xx.o
                0x000000000800e888                D1CorePrescTable
 .rodata.flagBitshiftOffset.11599
                0x000000000800e898        0x8 Drivers/STM32H7xx_HAL_Driver/Src/stm32h7xx_hal_dma.o
 .rodata.UARTPrescTable
                0x000000000800e8a0       0x18 Drivers/STM32H7xx_HAL_Driver/Src/stm32h7xx_hal_uart.o
                0x000000000800e8a0                UARTPrescTable
 .rodata.numerator.11554
                0x000000000800e8b8        0x8 Drivers/STM32H7xx_HAL_Driver/Src/stm32h7xx_hal_uart_ex.o
 .rodata.denominator.11555
                0x000000000800e8c0        0x8 Drivers/STM32H7xx_HAL_Driver/Src/stm32h7xx_hal_uart_ex.o
 .rodata.OV2640_UXGA
                0x000000000800e8c8      0x1bc Drivers/USER/OV2640/ov2640.o
                0x000000000800e8c8                OV2640_UXGA
 .rodata.asc2_1206
                0x000000000800ea84      0x474 Drivers/USER/RGB888_LCD/LCD.o
                0x000000000800ea84                asc2_1206
 .rodata.asc2_1608
                0x000000000800eef8      0x5f0 Drivers/USER/RGB888_LCD/LCD.o
                0x000000000800eef8                asc2_1608
 .rodata.asc2_2412
                0x000000000800f4e8      0xd5c Drivers/USER/RGB888_LCD/LCD.o
                0x000000000800f4e8                asc2_2412
 .rodata.asc2_3216
                0x0000000008010244     0x2f80 Drivers/USER/RGB888_LCD/LCD.o
                0x0000000008010244                asc2_3216
 .rodata.__sf_fake_stderr
                0x00000000080131c4       0x20 f:/cubeide/stm32cubeide_1.6.0/stm32cubeide/plugins/com.st.stm32cube.ide.mcu.externaltools.gnu-tools-for-stm32.9-2020-q2-update.win32_1.5.0.202011040924/tools/bin/../lib/gcc/arm-none-eabi/9.3.1/../../../../arm-none-eabi/lib/thumb/v7e-m+dp/hard\libc_nano.a(lib_a-findfp.o)
                0x00000000080131c4                __sf_fake_stderr
 .rodata.__sf_fake_stdin
                0x00000000080131e4       0x20 f:/cubeide/stm32cubeide_1.6.0/stm32cubeide/plugins/com.st.stm32cube.ide.mcu.externaltools.gnu-tools-for-stm32.9-2020-q2-update.win32_1.5.0.202011040924/tools/bin/../lib/gcc/arm-none-eabi/9.3.1/../../../../arm-none-eabi/lib/thumb/v7e-m+dp/hard\libc_nano.a(lib_a-findfp.o)
                0x00000000080131e4                __sf_fake_stdin
 .rodata.__sf_fake_stdout
                0x0000000008013204       0x20 f:/cubeide/stm32cubeide_1.6.0/stm32cubeide/plugins/com.st.stm32cube.ide.mcu.externaltools.gnu-tools-for-stm32.9-2020-q2-update.win32_1.5.0.202011040924/tools/bin/../lib/gcc/arm-none-eabi/9.3.1/../../../../arm-none-eabi/lib/thumb/v7e-m+dp/hard\libc_nano.a(lib_a-findfp.o)
                0x0000000008013204                __sf_fake_stdout
 .rodata._svfprintf_r.str1.1
                0x0000000008013224       0x11 f:/cubeide/stm32cubeide_1.6.0/stm32cubeide/plugins/com.st.stm32cube.ide.mcu.externaltools.gnu-tools-for-stm32.9-2020-q2-update.win32_1.5.0.202011040924/tools/bin/../lib/gcc/arm-none-eabi/9.3.1/../../../../arm-none-eabi/lib/thumb/v7e-m+dp/hard\libc_nano.a(lib_a-nano-svfprintf.o)
 .rodata._printf_i.str1.1
                0x0000000008013235       0x22 f:/cubeide/stm32cubeide_1.6.0/stm32cubeide/plugins/com.st.stm32cube.ide.mcu.externaltools.gnu-tools-for-stm32.9-2020-q2-update.win32_1.5.0.202011040924/tools/bin/../lib/gcc/arm-none-eabi/9.3.1/../../../../arm-none-eabi/lib/thumb/v7e-m+dp/hard\libc_nano.a(lib_a-nano-vfprintf_i.o)
                0x0000000008013258                . = ALIGN (0x4)
 *fill*         0x0000000008013257        0x1 

.ARM.extab
 *(.ARM.extab* .gnu.linkonce.armextab.*)

.ARM            0x0000000008013258        0x8
                0x0000000008013258                __exidx_start = .
 *(.ARM.exidx*)
 .ARM.exidx     0x0000000008013258        0x8 f:/cubeide/stm32cubeide_1.6.0/stm32cubeide/plugins/com.st.stm32cube.ide.mcu.externaltools.gnu-tools-for-stm32.9-2020-q2-update.win32_1.5.0.202011040924/tools/bin/../lib/gcc/arm-none-eabi/9.3.1/thumb/v7e-m+dp/hard\libgcc.a(_udivmoddi4.o)
                0x0000000008013260                __exidx_end = .

.rel.dyn        0x0000000008013260        0x0
 .rel.iplt      0x0000000008013260        0x0 f:/cubeide/stm32cubeide_1.6.0/stm32cubeide/plugins/com.st.stm32cube.ide.mcu.externaltools.gnu-tools-for-stm32.9-2020-q2-update.win32_1.5.0.202011040924/tools/bin/../lib/gcc/arm-none-eabi/9.3.1/thumb/v7e-m+dp/hard/crtbegin.o

.preinit_array  0x0000000008013260        0x0
                0x0000000008013260                PROVIDE (__preinit_array_start = .)
 *(.preinit_array*)
                0x0000000008013260                PROVIDE (__preinit_array_end = .)

.init_array     0x0000000008013260        0x4
                0x0000000008013260                PROVIDE (__init_array_start = .)
 *(SORT_BY_NAME(.init_array.*))
 *(.init_array*)
 .init_array    0x0000000008013260        0x4 f:/cubeide/stm32cubeide_1.6.0/stm32cubeide/plugins/com.st.stm32cube.ide.mcu.externaltools.gnu-tools-for-stm32.9-2020-q2-update.win32_1.5.0.202011040924/tools/bin/../lib/gcc/arm-none-eabi/9.3.1/thumb/v7e-m+dp/hard/crtbegin.o
                0x0000000008013264                PROVIDE (__init_array_end = .)

.fini_array     0x0000000008013264        0x4
                [!provide]                        PROVIDE (__fini_array_start = .)
 *(SORT_BY_NAME(.fini_array.*))
 *(.fini_array*)
 .fini_array    0x0000000008013264        0x4 f:/cubeide/stm32cubeide_1.6.0/stm32cubeide/plugins/com.st.stm32cube.ide.mcu.externaltools.gnu-tools-for-stm32.9-2020-q2-update.win32_1.5.0.202011040924/tools/bin/../lib/gcc/arm-none-eabi/9.3.1/thumb/v7e-m+dp/hard/crtbegin.o
                [!provide]                        PROVIDE (__fini_array_end = .)
                0x0000000008013268                _sidata = LOADADDR (.data)

.data           0x0000000020000000       0xa0 load address 0x0000000008013268
                0x0000000020000000                . = ALIGN (0x4)
                0x0000000020000000                _sdata = .
 *(.data)
 *(.data*)
 .data.frame    0x0000000020000000       0x10 Core/Src/main.o
 .data.OV2640   0x0000000020000010       0x1c Core/Src/main.o
 .data.SystemCoreClock
                0x000000002000002c        0x4 Core/Src/system_stm32h7xx.o
                0x000000002000002c                SystemCoreClock
 .data.SystemD2Clock
                0x0000000020000030        0x4 Core/Src/system_stm32h7xx.o
                0x0000000020000030                SystemD2Clock
 .data.uwTickPrio
                0x0000000020000034        0x4 Drivers/STM32H7xx_HAL_Driver/Src/stm32h7xx_hal.o
                0x0000000020000034                uwTickPrio
 .data.uwTickFreq
                0x0000000020000038        0x1 Drivers/STM32H7xx_HAL_Driver/Src/stm32h7xx_hal.o
                0x0000000020000038                uwTickFreq
 *fill*         0x0000000020000039        0x3 
 .data._impure_ptr
                0x000000002000003c        0x4 f:/cubeide/stm32cubeide_1.6.0/stm32cubeide/plugins/com.st.stm32cube.ide.mcu.externaltools.gnu-tools-for-stm32.9-2020-q2-update.win32_1.5.0.202011040924/tools/bin/../lib/gcc/arm-none-eabi/9.3.1/../../../../arm-none-eabi/lib/thumb/v7e-m+dp/hard\libc_nano.a(lib_a-impure.o)
                0x000000002000003c                _impure_ptr
 .data.impure_data
                0x0000000020000040       0x60 f:/cubeide/stm32cubeide_1.6.0/stm32cubeide/plugins/com.st.stm32cube.ide.mcu.externaltools.gnu-tools-for-stm32.9-2020-q2-update.win32_1.5.0.202011040924/tools/bin/../lib/gcc/arm-none-eabi/9.3.1/../../../../arm-none-eabi/lib/thumb/v7e-m+dp/hard\libc_nano.a(lib_a-impure.o)
 *(.RamFunc)
 *(.RamFunc*)
                0x00000000200000a0                . = ALIGN (0x4)
                0x00000000200000a0                _edata = .

.igot.plt       0x00000000200000a0        0x0 load address 0x0000000008013308
 .igot.plt      0x00000000200000a0        0x0 f:/cubeide/stm32cubeide_1.6.0/stm32cubeide/plugins/com.st.stm32cube.ide.mcu.externaltools.gnu-tools-for-stm32.9-2020-q2-update.win32_1.5.0.202011040924/tools/bin/../lib/gcc/arm-none-eabi/9.3.1/thumb/v7e-m+dp/hard/crtbegin.o
                0x00000000200000a0                . = ALIGN (0x4)

.bss            0x0000000024000000      0x418
                0x0000000024000000                _sbss = .
                0x0000000024000000                __bss_start__ = _sbss
 *(.bss)
 .bss           0x0000000024000000       0x1c f:/cubeide/stm32cubeide_1.6.0/stm32cubeide/plugins/com.st.stm32cube.ide.mcu.externaltools.gnu-tools-for-stm32.9-2020-q2-update.win32_1.5.0.202011040924/tools/bin/../lib/gcc/arm-none-eabi/9.3.1/thumb/v7e-m+dp/hard/crtbegin.o
 *(.bss*)
 .bss.__sbrk_heap_end
                0x000000002400001c        0x4 Core/Src/sysmem.o
 .bss._OV2640   0x0000000024000020        0x4 Drivers/USER/OV2640/ov2640.o
 .bss.tick      0x0000000024000024        0x4 Drivers/USER/OV2640/ov2640.o
                0x0000000024000024                tick
 .bss.num       0x0000000024000028        0x4 Drivers/USER/OV2640/ov2640.o
                0x0000000024000028                num
 .bss.__malloc_free_list
                0x000000002400002c        0x4 f:/cubeide/stm32cubeide_1.6.0/stm32cubeide/plugins/com.st.stm32cube.ide.mcu.externaltools.gnu-tools-for-stm32.9-2020-q2-update.win32_1.5.0.202011040924/tools/bin/../lib/gcc/arm-none-eabi/9.3.1/../../../../arm-none-eabi/lib/thumb/v7e-m+dp/hard\libc_nano.a(lib_a-nano-mallocr.o)
                0x000000002400002c                __malloc_free_list
 .bss.__malloc_sbrk_start
                0x0000000024000030        0x4 f:/cubeide/stm32cubeide_1.6.0/stm32cubeide/plugins/com.st.stm32cube.ide.mcu.externaltools.gnu-tools-for-stm32.9-2020-q2-update.win32_1.5.0.202011040924/tools/bin/../lib/gcc/arm-none-eabi/9.3.1/../../../../arm-none-eabi/lib/thumb/v7e-m+dp/hard\libc_nano.a(lib_a-nano-mallocr.o)
                0x0000000024000030                __malloc_sbrk_start
 *(COMMON)
 COMMON         0x0000000024000034       0xc8 Core/Src/dcmi.o
                0x0000000024000034                hdcmi
                0x0000000024000084                hdma_dcmi_pssi
 COMMON         0x00000000240000fc       0x68 Core/Src/dma2d.o
                0x00000000240000fc                hdma2d
 COMMON         0x0000000024000164       0x4c Core/Src/i2c.o
                0x0000000024000164                hi2c4
 COMMON         0x00000000240001b0       0x10 Core/Src/iwdg.o
                0x00000000240001b0                hiwdg1
 COMMON         0x00000000240001c0       0xa8 Core/Src/ltdc.o
                0x00000000240001c0                hltdc
 COMMON         0x0000000024000268       0xc0 Core/Src/octospi.o
                0x0000000024000268                hospi1
                0x00000000240002c8                hospi2
 COMMON         0x0000000024000328       0x4c Core/Src/tim.o
                0x0000000024000328                htim2
 COMMON         0x0000000024000374       0x90 Core/Src/usart.o
                0x0000000024000374                huart3
 COMMON         0x0000000024000404        0x4 Drivers/STM32H7xx_HAL_Driver/Src/stm32h7xx_hal.o
                0x0000000024000404                uwTick
 COMMON         0x0000000024000408        0x9 f:/cubeide/stm32cubeide_1.6.0/stm32cubeide/plugins/com.st.stm32cube.ide.mcu.externaltools.gnu-tools-for-stm32.9-2020-q2-update.win32_1.5.0.202011040924/tools/bin/../lib/gcc/arm-none-eabi/9.3.1/../../../../arm-none-eabi/lib/thumb/v7e-m+dp/hard\libc_nano.a(lib_a-lock.o)
                0x0000000024000408                __lock___atexit_recursive_mutex
                0x0000000024000409                __lock___arc4random_mutex
                0x000000002400040a                __lock___env_recursive_mutex
                0x000000002400040b                __lock___sinit_recursive_mutex
                0x000000002400040c                __lock___malloc_recursive_mutex
                0x000000002400040d                __lock___at_quick_exit_mutex
                0x000000002400040e                __lock___dd_hash_mutex
                0x000000002400040f                __lock___tz_mutex
                0x0000000024000410                __lock___sfp_recursive_mutex
 *fill*         0x0000000024000411        0x3 
 COMMON         0x0000000024000414        0x4 f:/cubeide/stm32cubeide_1.6.0/stm32cubeide/plugins/com.st.stm32cube.ide.mcu.externaltools.gnu-tools-for-stm32.9-2020-q2-update.win32_1.5.0.202011040924/tools/bin/../lib/gcc/arm-none-eabi/9.3.1/../../../../arm-none-eabi/lib/thumb/v7e-m+dp/hard\libc_nano.a(lib_a-reent.o)
                0x0000000024000414                errno
                0x0000000024000418                . = ALIGN (0x4)
                0x0000000024000418                _ebss = .
                0x0000000024000418                __bss_end__ = _ebss

._user_heap_stack
                0x00000000200000a0      0x600
                0x00000000200000a0                . = ALIGN (0x8)
                [!provide]                        PROVIDE (end = .)
                0x00000000200000a0                PROVIDE (_end = .)
                0x00000000200002a0                . = (. + _Min_Heap_Size)
 *fill*         0x00000000200000a0      0x200 
                0x00000000200006a0                . = (. + _Min_Stack_Size)
 *fill*         0x00000000200002a0      0x400 
                0x00000000200006a0                . = ALIGN (0x8)

/DISCARD/
 libc.a(*)
 libm.a(*)
 libgcc.a(*)

.ARM.attributes
                0x0000000000000000       0x2e
 *(.ARM.attributes)
 .ARM.attributes
                0x0000000000000000       0x1e f:/cubeide/stm32cubeide_1.6.0/stm32cubeide/plugins/com.st.stm32cube.ide.mcu.externaltools.gnu-tools-for-stm32.9-2020-q2-update.win32_1.5.0.202011040924/tools/bin/../lib/gcc/arm-none-eabi/9.3.1/thumb/v7e-m+dp/hard/crti.o
 .ARM.attributes
                0x000000000000001e       0x32 f:/cubeide/stm32cubeide_1.6.0/stm32cubeide/plugins/com.st.stm32cube.ide.mcu.externaltools.gnu-tools-for-stm32.9-2020-q2-update.win32_1.5.0.202011040924/tools/bin/../lib/gcc/arm-none-eabi/9.3.1/thumb/v7e-m+dp/hard/crtbegin.o
 .ARM.attributes
                0x0000000000000050       0x32 Core/Src/dcmi.o
 .ARM.attributes
                0x0000000000000082       0x32 Core/Src/dma.o
 .ARM.attributes
                0x00000000000000b4       0x32 Core/Src/dma2d.o
 .ARM.attributes
                0x00000000000000e6       0x32 Core/Src/gpio.o
 .ARM.attributes
                0x0000000000000118       0x32 Core/Src/i2c.o
 .ARM.attributes
                0x000000000000014a       0x32 Core/Src/iwdg.o
 .ARM.attributes
                0x000000000000017c       0x32 Core/Src/ltdc.o
 .ARM.attributes
                0x00000000000001ae       0x32 Core/Src/main.o
 .ARM.attributes
                0x00000000000001e0       0x32 Core/Src/octospi.o
 .ARM.attributes
                0x0000000000000212       0x32 Core/Src/stm32h7xx_hal_msp.o
 .ARM.attributes
                0x0000000000000244       0x32 Core/Src/stm32h7xx_it.o
 .ARM.attributes
                0x0000000000000276       0x32 Core/Src/sysmem.o
 .ARM.attributes
                0x00000000000002a8       0x32 Core/Src/system_stm32h7xx.o
 .ARM.attributes
                0x00000000000002da       0x32 Core/Src/tim.o
 .ARM.attributes
                0x000000000000030c       0x32 Core/Src/usart.o
 .ARM.attributes
                0x000000000000033e       0x21 Core/Startup/startup_stm32h725aeix.o
 .ARM.attributes
                0x000000000000035f       0x32 Drivers/STM32H7xx_HAL_Driver/Src/stm32h7xx_hal.o
 .ARM.attributes
                0x0000000000000391       0x32 Drivers/STM32H7xx_HAL_Driver/Src/stm32h7xx_hal_cortex.o
 .ARM.attributes
                0x00000000000003c3       0x32 Drivers/STM32H7xx_HAL_Driver/Src/stm32h7xx_hal_dcmi.o
 .ARM.attributes
                0x00000000000003f5       0x32 Drivers/STM32H7xx_HAL_Driver/Src/stm32h7xx_hal_dma.o
 .ARM.attributes
                0x0000000000000427       0x32 Drivers/STM32H7xx_HAL_Driver/Src/stm32h7xx_hal_dma2d.o
 .ARM.attributes
                0x0000000000000459       0x32 Drivers/STM32H7xx_HAL_Driver/Src/stm32h7xx_hal_dma_ex.o
 .ARM.attributes
                0x000000000000048b       0x32 Drivers/STM32H7xx_HAL_Driver/Src/stm32h7xx_hal_gpio.o
 .ARM.attributes
                0x00000000000004bd       0x32 Drivers/STM32H7xx_HAL_Driver/Src/stm32h7xx_hal_i2c.o
 .ARM.attributes
                0x00000000000004ef       0x32 Drivers/STM32H7xx_HAL_Driver/Src/stm32h7xx_hal_i2c_ex.o
 .ARM.attributes
                0x0000000000000521       0x32 Drivers/STM32H7xx_HAL_Driver/Src/stm32h7xx_hal_iwdg.o
 .ARM.attributes
                0x0000000000000553       0x32 Drivers/STM32H7xx_HAL_Driver/Src/stm32h7xx_hal_ltdc.o
 .ARM.attributes
                0x0000000000000585       0x32 Drivers/STM32H7xx_HAL_Driver/Src/stm32h7xx_hal_ospi.o
 .ARM.attributes
                0x00000000000005b7       0x32 Drivers/STM32H7xx_HAL_Driver/Src/stm32h7xx_hal_pwr_ex.o
 .ARM.attributes
                0x00000000000005e9       0x32 Drivers/STM32H7xx_HAL_Driver/Src/stm32h7xx_hal_rcc.o
 .ARM.attributes
                0x000000000000061b       0x32 Drivers/STM32H7xx_HAL_Driver/Src/stm32h7xx_hal_rcc_ex.o
 .ARM.attributes
                0x000000000000064d       0x32 Drivers/STM32H7xx_HAL_Driver/Src/stm32h7xx_hal_tim.o
 .ARM.attributes
                0x000000000000067f       0x32 Drivers/STM32H7xx_HAL_Driver/Src/stm32h7xx_hal_tim_ex.o
 .ARM.attributes
                0x00000000000006b1       0x32 Drivers/STM32H7xx_HAL_Driver/Src/stm32h7xx_hal_uart.o
 .ARM.attributes
                0x00000000000006e3       0x32 Drivers/STM32H7xx_HAL_Driver/Src/stm32h7xx_hal_uart_ex.o
 .ARM.attributes
                0x0000000000000715       0x32 Drivers/USER/APS6408L/AP6408L.o
 .ARM.attributes
                0x0000000000000747       0x32 Drivers/USER/LOG_UART3/LOG.o
 .ARM.attributes
                0x0000000000000779       0x32 Drivers/USER/OV2640/ov2640.o
 .ARM.attributes
                0x00000000000007ab       0x32 Drivers/USER/RGB888_LCD/LCD.o
 .ARM.attributes
                0x00000000000007dd       0x32 f:/cubeide/stm32cubeide_1.6.0/stm32cubeide/plugins/com.st.stm32cube.ide.mcu.externaltools.gnu-tools-for-stm32.9-2020-q2-update.win32_1.5.0.202011040924/tools/bin/../lib/gcc/arm-none-eabi/9.3.1/../../../../arm-none-eabi/lib/thumb/v7e-m+dp/hard\libc_nano.a(lib_a-errno.o)
 .ARM.attributes
                0x000000000000080f       0x30 f:/cubeide/stm32cubeide_1.6.0/stm32cubeide/plugins/com.st.stm32cube.ide.mcu.externaltools.gnu-tools-for-stm32.9-2020-q2-update.win32_1.5.0.202011040924/tools/bin/../lib/gcc/arm-none-eabi/9.3.1/../../../../arm-none-eabi/lib/thumb/v7e-m+dp/hard\libc_nano.a(lib_a-impure.o)
 .ARM.attributes
                0x000000000000083f       0x32 f:/cubeide/stm32cubeide_1.6.0/stm32cubeide/plugins/com.st.stm32cube.ide.mcu.externaltools.gnu-tools-for-stm32.9-2020-q2-update.win32_1.5.0.202011040924/tools/bin/../lib/gcc/arm-none-eabi/9.3.1/../../../../arm-none-eabi/lib/thumb/v7e-m+dp/hard\libc_nano.a(lib_a-init.o)
 .ARM.attributes
                0x0000000000000871       0x32 f:/cubeide/stm32cubeide_1.6.0/stm32cubeide/plugins/com.st.stm32cube.ide.mcu.externaltools.gnu-tools-for-stm32.9-2020-q2-update.win32_1.5.0.202011040924/tools/bin/../lib/gcc/arm-none-eabi/9.3.1/../../../../arm-none-eabi/lib/thumb/v7e-m+dp/hard\libc_nano.a(lib_a-memcpy-stub.o)
 .ARM.attributes
                0x00000000000008a3       0x32 f:/cubeide/stm32cubeide_1.6.0/stm32cubeide/plugins/com.st.stm32cube.ide.mcu.externaltools.gnu-tools-for-stm32.9-2020-q2-update.win32_1.5.0.202011040924/tools/bin/../lib/gcc/arm-none-eabi/9.3.1/../../../../arm-none-eabi/lib/thumb/v7e-m+dp/hard\libc_nano.a(lib_a-memset.o)
 .ARM.attributes
                0x00000000000008d5       0x17 f:/cubeide/stm32cubeide_1.6.0/stm32cubeide/plugins/com.st.stm32cube.ide.mcu.externaltools.gnu-tools-for-stm32.9-2020-q2-update.win32_1.5.0.202011040924/tools/bin/../lib/gcc/arm-none-eabi/9.3.1/../../../../arm-none-eabi/lib/thumb/v7e-m+dp/hard\libc_nano.a(lib_a-strlen.o)
 .ARM.attributes
                0x00000000000008ec       0x32 f:/cubeide/stm32cubeide_1.6.0/stm32cubeide/plugins/com.st.stm32cube.ide.mcu.externaltools.gnu-tools-for-stm32.9-2020-q2-update.win32_1.5.0.202011040924/tools/bin/../lib/gcc/arm-none-eabi/9.3.1/../../../../arm-none-eabi/lib/thumb/v7e-m+dp/hard\libc_nano.a(lib_a-vsnprintf.o)
 .ARM.attributes
                0x000000000000091e       0x32 f:/cubeide/stm32cubeide_1.6.0/stm32cubeide/plugins/com.st.stm32cube.ide.mcu.externaltools.gnu-tools-for-stm32.9-2020-q2-update.win32_1.5.0.202011040924/tools/bin/../lib/gcc/arm-none-eabi/9.3.1/../../../../arm-none-eabi/lib/thumb/v7e-m+dp/hard\libc_nano.a(lib_a-findfp.o)
 .ARM.attributes
                0x0000000000000950       0x32 f:/cubeide/stm32cubeide_1.6.0/stm32cubeide/plugins/com.st.stm32cube.ide.mcu.externaltools.gnu-tools-for-stm32.9-2020-q2-update.win32_1.5.0.202011040924/tools/bin/../lib/gcc/arm-none-eabi/9.3.1/../../../../arm-none-eabi/lib/thumb/v7e-m+dp/hard\libc_nano.a(lib_a-lock.o)
 .ARM.attributes
                0x0000000000000982       0x32 f:/cubeide/stm32cubeide_1.6.0/stm32cubeide/plugins/com.st.stm32cube.ide.mcu.externaltools.gnu-tools-for-stm32.9-2020-q2-update.win32_1.5.0.202011040924/tools/bin/../lib/gcc/arm-none-eabi/9.3.1/../../../../arm-none-eabi/lib/thumb/v7e-m+dp/hard\libc_nano.a(lib_a-nano-mallocr.o)
 .ARM.attributes
                0x00000000000009b4       0x32 f:/cubeide/stm32cubeide_1.6.0/stm32cubeide/plugins/com.st.stm32cube.ide.mcu.externaltools.gnu-tools-for-stm32.9-2020-q2-update.win32_1.5.0.202011040924/tools/bin/../lib/gcc/arm-none-eabi/9.3.1/../../../../arm-none-eabi/lib/thumb/v7e-m+dp/hard\libc_nano.a(lib_a-nano-svfprintf.o)
 .ARM.attributes
                0x00000000000009e6       0x32 f:/cubeide/stm32cubeide_1.6.0/stm32cubeide/plugins/com.st.stm32cube.ide.mcu.externaltools.gnu-tools-for-stm32.9-2020-q2-update.win32_1.5.0.202011040924/tools/bin/../lib/gcc/arm-none-eabi/9.3.1/../../../../arm-none-eabi/lib/thumb/v7e-m+dp/hard\libc_nano.a(lib_a-nano-vfprintf_i.o)
 .ARM.attributes
                0x0000000000000a18       0x32 f:/cubeide/stm32cubeide_1.6.0/stm32cubeide/plugins/com.st.stm32cube.ide.mcu.externaltools.gnu-tools-for-stm32.9-2020-q2-update.win32_1.5.0.202011040924/tools/bin/../lib/gcc/arm-none-eabi/9.3.1/../../../../arm-none-eabi/lib/thumb/v7e-m+dp/hard\libc_nano.a(lib_a-sbrkr.o)
 .ARM.attributes
                0x0000000000000a4a       0x1c f:/cubeide/stm32cubeide_1.6.0/stm32cubeide/plugins/com.st.stm32cube.ide.mcu.externaltools.gnu-tools-for-stm32.9-2020-q2-update.win32_1.5.0.202011040924/tools/bin/../lib/gcc/arm-none-eabi/9.3.1/../../../../arm-none-eabi/lib/thumb/v7e-m+dp/hard\libc_nano.a(lib_a-memchr.o)
 .ARM.attributes
                0x0000000000000a66       0x32 f:/cubeide/stm32cubeide_1.6.0/stm32cubeide/plugins/com.st.stm32cube.ide.mcu.externaltools.gnu-tools-for-stm32.9-2020-q2-update.win32_1.5.0.202011040924/tools/bin/../lib/gcc/arm-none-eabi/9.3.1/../../../../arm-none-eabi/lib/thumb/v7e-m+dp/hard\libc_nano.a(lib_a-memmove.o)
 .ARM.attributes
                0x0000000000000a98       0x32 f:/cubeide/stm32cubeide_1.6.0/stm32cubeide/plugins/com.st.stm32cube.ide.mcu.externaltools.gnu-tools-for-stm32.9-2020-q2-update.win32_1.5.0.202011040924/tools/bin/../lib/gcc/arm-none-eabi/9.3.1/../../../../arm-none-eabi/lib/thumb/v7e-m+dp/hard\libc_nano.a(lib_a-mlock.o)
 .ARM.attributes
                0x0000000000000aca       0x32 f:/cubeide/stm32cubeide_1.6.0/stm32cubeide/plugins/com.st.stm32cube.ide.mcu.externaltools.gnu-tools-for-stm32.9-2020-q2-update.win32_1.5.0.202011040924/tools/bin/../lib/gcc/arm-none-eabi/9.3.1/../../../../arm-none-eabi/lib/thumb/v7e-m+dp/hard\libc_nano.a(lib_a-nano-freer.o)
 .ARM.attributes
                0x0000000000000afc       0x32 f:/cubeide/stm32cubeide_1.6.0/stm32cubeide/plugins/com.st.stm32cube.ide.mcu.externaltools.gnu-tools-for-stm32.9-2020-q2-update.win32_1.5.0.202011040924/tools/bin/../lib/gcc/arm-none-eabi/9.3.1/../../../../arm-none-eabi/lib/thumb/v7e-m+dp/hard\libc_nano.a(lib_a-nano-reallocr.o)
 .ARM.attributes
                0x0000000000000b2e       0x32 f:/cubeide/stm32cubeide_1.6.0/stm32cubeide/plugins/com.st.stm32cube.ide.mcu.externaltools.gnu-tools-for-stm32.9-2020-q2-update.win32_1.5.0.202011040924/tools/bin/../lib/gcc/arm-none-eabi/9.3.1/../../../../arm-none-eabi/lib/thumb/v7e-m+dp/hard\libc_nano.a(lib_a-reent.o)
 .ARM.attributes
                0x0000000000000b60       0x32 f:/cubeide/stm32cubeide_1.6.0/stm32cubeide/plugins/com.st.stm32cube.ide.mcu.externaltools.gnu-tools-for-stm32.9-2020-q2-update.win32_1.5.0.202011040924/tools/bin/../lib/gcc/arm-none-eabi/9.3.1/../../../../arm-none-eabi/lib/thumb/v7e-m+dp/hard\libc_nano.a(lib_a-nano-msizer.o)
 .ARM.attributes
                0x0000000000000b92       0x1e f:/cubeide/stm32cubeide_1.6.0/stm32cubeide/plugins/com.st.stm32cube.ide.mcu.externaltools.gnu-tools-for-stm32.9-2020-q2-update.win32_1.5.0.202011040924/tools/bin/../lib/gcc/arm-none-eabi/9.3.1/thumb/v7e-m+dp/hard\libgcc.a(_aeabi_uldivmod.o)
 .ARM.attributes
                0x0000000000000bb0       0x32 f:/cubeide/stm32cubeide_1.6.0/stm32cubeide/plugins/com.st.stm32cube.ide.mcu.externaltools.gnu-tools-for-stm32.9-2020-q2-update.win32_1.5.0.202011040924/tools/bin/../lib/gcc/arm-none-eabi/9.3.1/thumb/v7e-m+dp/hard\libgcc.a(_udivmoddi4.o)
 .ARM.attributes
                0x0000000000000be2       0x1e f:/cubeide/stm32cubeide_1.6.0/stm32cubeide/plugins/com.st.stm32cube.ide.mcu.externaltools.gnu-tools-for-stm32.9-2020-q2-update.win32_1.5.0.202011040924/tools/bin/../lib/gcc/arm-none-eabi/9.3.1/thumb/v7e-m+dp/hard\libgcc.a(_dvmd_tls.o)
 .ARM.attributes
                0x0000000000000c00       0x1e f:/cubeide/stm32cubeide_1.6.0/stm32cubeide/plugins/com.st.stm32cube.ide.mcu.externaltools.gnu-tools-for-stm32.9-2020-q2-update.win32_1.5.0.202011040924/tools/bin/../lib/gcc/arm-none-eabi/9.3.1/thumb/v7e-m+dp/hard/crtn.o
OUTPUT(H7.elf elf32-littlearm)
LOAD linker stubs
LOAD f:/cubeide/stm32cubeide_1.6.0/stm32cubeide/plugins/com.st.stm32cube.ide.mcu.externaltools.gnu-tools-for-stm32.9-2020-q2-update.win32_1.5.0.202011040924/tools/bin/../lib/gcc/arm-none-eabi/9.3.1/../../../../arm-none-eabi/lib/thumb/v7e-m+dp/hard\libc.a
LOAD f:/cubeide/stm32cubeide_1.6.0/stm32cubeide/plugins/com.st.stm32cube.ide.mcu.externaltools.gnu-tools-for-stm32.9-2020-q2-update.win32_1.5.0.202011040924/tools/bin/../lib/gcc/arm-none-eabi/9.3.1/../../../../arm-none-eabi/lib/thumb/v7e-m+dp/hard\libm.a
LOAD f:/cubeide/stm32cubeide_1.6.0/stm32cubeide/plugins/com.st.stm32cube.ide.mcu.externaltools.gnu-tools-for-stm32.9-2020-q2-update.win32_1.5.0.202011040924/tools/bin/../lib/gcc/arm-none-eabi/9.3.1/thumb/v7e-m+dp/hard\libgcc.a

.debug_info     0x0000000000000000    0x40601
 .debug_info    0x0000000000000000     0x1b32 Core/Src/dcmi.o
 .debug_info    0x0000000000001b32     0x12f5 Core/Src/dma.o
 .debug_info    0x0000000000002e27     0x1362 Core/Src/dma2d.o
 .debug_info    0x0000000000004189     0x1183 Core/Src/gpio.o
 .debug_info    0x000000000000530c     0x19da Core/Src/i2c.o
 .debug_info    0x0000000000006ce6      0xca0 Core/Src/iwdg.o
 .debug_info    0x0000000000007986     0x1c22 Core/Src/ltdc.o
 .debug_info    0x00000000000095a8     0x3d59 Core/Src/main.o
 .debug_info    0x000000000000d301     0x220f Core/Src/octospi.o
 .debug_info    0x000000000000f510      0xf7a Core/Src/stm32h7xx_hal_msp.o
 .debug_info    0x000000000001048a     0x15a5 Core/Src/stm32h7xx_it.o
 .debug_info    0x0000000000011a2f      0xa25 Core/Src/sysmem.o
 .debug_info    0x0000000000012454     0x15c5 Core/Src/system_stm32h7xx.o
 .debug_info    0x0000000000013a19     0x1933 Core/Src/tim.o
 .debug_info    0x000000000001534c     0x1a59 Core/Src/usart.o
 .debug_info    0x0000000000016da5       0x22 Core/Startup/startup_stm32h725aeix.o
 .debug_info    0x0000000000016dc7     0x210c Drivers/STM32H7xx_HAL_Driver/Src/stm32h7xx_hal.o
 .debug_info    0x0000000000018ed3     0x1c07 Drivers/STM32H7xx_HAL_Driver/Src/stm32h7xx_hal_cortex.o
 .debug_info    0x000000000001aada     0x1692 Drivers/STM32H7xx_HAL_Driver/Src/stm32h7xx_hal_dcmi.o
 .debug_info    0x000000000001c16c     0x167d Drivers/STM32H7xx_HAL_Driver/Src/stm32h7xx_hal_dma.o
 .debug_info    0x000000000001d7e9     0x1c59 Drivers/STM32H7xx_HAL_Driver/Src/stm32h7xx_hal_dma2d.o
 .debug_info    0x000000000001f442     0x1346 Drivers/STM32H7xx_HAL_Driver/Src/stm32h7xx_hal_dma_ex.o
 .debug_info    0x0000000000020788     0x17f5 Drivers/STM32H7xx_HAL_Driver/Src/stm32h7xx_hal_gpio.o
 .debug_info    0x0000000000021f7d     0x2d48 Drivers/STM32H7xx_HAL_Driver/Src/stm32h7xx_hal_i2c.o
 .debug_info    0x0000000000024cc5     0x18c5 Drivers/STM32H7xx_HAL_Driver/Src/stm32h7xx_hal_i2c_ex.o
 .debug_info    0x000000000002658a      0xce7 Drivers/STM32H7xx_HAL_Driver/Src/stm32h7xx_hal_iwdg.o
 .debug_info    0x0000000000027271     0x1bdd Drivers/STM32H7xx_HAL_Driver/Src/stm32h7xx_hal_ltdc.o
 .debug_info    0x0000000000028e4e     0x24cc Drivers/STM32H7xx_HAL_Driver/Src/stm32h7xx_hal_ospi.o
 .debug_info    0x000000000002b31a     0x1919 Drivers/STM32H7xx_HAL_Driver/Src/stm32h7xx_hal_pwr_ex.o
 .debug_info    0x000000000002cc33     0x185e Drivers/STM32H7xx_HAL_Driver/Src/stm32h7xx_hal_rcc.o
 .debug_info    0x000000000002e491     0x1ce6 Drivers/STM32H7xx_HAL_Driver/Src/stm32h7xx_hal_rcc_ex.o
 .debug_info    0x0000000000030177     0x3639 Drivers/STM32H7xx_HAL_Driver/Src/stm32h7xx_hal_tim.o
 .debug_info    0x00000000000337b0     0x21cf Drivers/STM32H7xx_HAL_Driver/Src/stm32h7xx_hal_tim_ex.o
 .debug_info    0x000000000003597f     0x2937 Drivers/STM32H7xx_HAL_Driver/Src/stm32h7xx_hal_uart.o
 .debug_info    0x00000000000382b6     0x178e Drivers/STM32H7xx_HAL_Driver/Src/stm32h7xx_hal_uart_ex.o
 .debug_info    0x0000000000039a44     0x1e3d Drivers/USER/APS6408L/AP6408L.o
 .debug_info    0x000000000003b881     0x1295 Drivers/USER/LOG_UART3/LOG.o
 .debug_info    0x000000000003cb16     0x248b Drivers/USER/OV2640/ov2640.o
 .debug_info    0x000000000003efa1     0x1660 Drivers/USER/RGB888_LCD/LCD.o

.debug_abbrev   0x0000000000000000     0x661a
 .debug_abbrev  0x0000000000000000      0x265 Core/Src/dcmi.o
 .debug_abbrev  0x0000000000000265      0x20f Core/Src/dma.o
 .debug_abbrev  0x0000000000000474      0x24b Core/Src/dma2d.o
 .debug_abbrev  0x00000000000006bf      0x243 Core/Src/gpio.o
 .debug_abbrev  0x0000000000000902      0x265 Core/Src/i2c.o
 .debug_abbrev  0x0000000000000b67      0x1f3 Core/Src/iwdg.o
 .debug_abbrev  0x0000000000000d5a      0x292 Core/Src/ltdc.o
 .debug_abbrev  0x0000000000000fec      0x340 Core/Src/main.o
 .debug_abbrev  0x000000000000132c      0x2a3 Core/Src/octospi.o
 .debug_abbrev  0x00000000000015cf      0x20f Core/Src/stm32h7xx_hal_msp.o
 .debug_abbrev  0x00000000000017de      0x1fe Core/Src/stm32h7xx_it.o
 .debug_abbrev  0x00000000000019dc      0x1bf Core/Src/sysmem.o
 .debug_abbrev  0x0000000000001b9b      0x251 Core/Src/system_stm32h7xx.o
 .debug_abbrev  0x0000000000001dec      0x289 Core/Src/tim.o
 .debug_abbrev  0x0000000000002075      0x265 Core/Src/usart.o
 .debug_abbrev  0x00000000000022da       0x12 Core/Startup/startup_stm32h725aeix.o
 .debug_abbrev  0x00000000000022ec      0x324 Drivers/STM32H7xx_HAL_Driver/Src/stm32h7xx_hal.o
 .debug_abbrev  0x0000000000002610      0x409 Drivers/STM32H7xx_HAL_Driver/Src/stm32h7xx_hal_cortex.o
 .debug_abbrev  0x0000000000002a19      0x2c9 Drivers/STM32H7xx_HAL_Driver/Src/stm32h7xx_hal_dcmi.o
 .debug_abbrev  0x0000000000002ce2      0x2c1 Drivers/STM32H7xx_HAL_Driver/Src/stm32h7xx_hal_dma.o
 .debug_abbrev  0x0000000000002fa3      0x2c9 Drivers/STM32H7xx_HAL_Driver/Src/stm32h7xx_hal_dma2d.o
 .debug_abbrev  0x000000000000326c      0x29c Drivers/STM32H7xx_HAL_Driver/Src/stm32h7xx_hal_dma_ex.o
 .debug_abbrev  0x0000000000003508      0x2cb Drivers/STM32H7xx_HAL_Driver/Src/stm32h7xx_hal_gpio.o
 .debug_abbrev  0x00000000000037d3      0x2e6 Drivers/STM32H7xx_HAL_Driver/Src/stm32h7xx_hal_i2c.o
 .debug_abbrev  0x0000000000003ab9      0x29e Drivers/STM32H7xx_HAL_Driver/Src/stm32h7xx_hal_i2c_ex.o
 .debug_abbrev  0x0000000000003d57      0x237 Drivers/STM32H7xx_HAL_Driver/Src/stm32h7xx_hal_iwdg.o
 .debug_abbrev  0x0000000000003f8e      0x2eb Drivers/STM32H7xx_HAL_Driver/Src/stm32h7xx_hal_ltdc.o
 .debug_abbrev  0x0000000000004279      0x344 Drivers/STM32H7xx_HAL_Driver/Src/stm32h7xx_hal_ospi.o
 .debug_abbrev  0x00000000000045bd      0x33f Drivers/STM32H7xx_HAL_Driver/Src/stm32h7xx_hal_pwr_ex.o
 .debug_abbrev  0x00000000000048fc      0x311 Drivers/STM32H7xx_HAL_Driver/Src/stm32h7xx_hal_rcc.o
 .debug_abbrev  0x0000000000004c0d      0x31d Drivers/STM32H7xx_HAL_Driver/Src/stm32h7xx_hal_rcc_ex.o
 .debug_abbrev  0x0000000000004f2a      0x2f9 Drivers/STM32H7xx_HAL_Driver/Src/stm32h7xx_hal_tim.o
 .debug_abbrev  0x0000000000005223      0x301 Drivers/STM32H7xx_HAL_Driver/Src/stm32h7xx_hal_tim_ex.o
 .debug_abbrev  0x0000000000005524      0x309 Drivers/STM32H7xx_HAL_Driver/Src/stm32h7xx_hal_uart.o
 .debug_abbrev  0x000000000000582d      0x2a5 Drivers/STM32H7xx_HAL_Driver/Src/stm32h7xx_hal_uart_ex.o
 .debug_abbrev  0x0000000000005ad2      0x309 Drivers/USER/APS6408L/AP6408L.o
 .debug_abbrev  0x0000000000005ddb      0x266 Drivers/USER/LOG_UART3/LOG.o
 .debug_abbrev  0x0000000000006041      0x32a Drivers/USER/OV2640/ov2640.o
 .debug_abbrev  0x000000000000636b      0x2af Drivers/USER/RGB888_LCD/LCD.o

.debug_aranges  0x0000000000000000     0x1bc8
 .debug_aranges
                0x0000000000000000       0x30 Core/Src/dcmi.o
 .debug_aranges
                0x0000000000000030       0x20 Core/Src/dma.o
 .debug_aranges
                0x0000000000000050       0x30 Core/Src/dma2d.o
 .debug_aranges
                0x0000000000000080       0x28 Core/Src/gpio.o
 .debug_aranges
                0x00000000000000a8       0x30 Core/Src/i2c.o
 .debug_aranges
                0x00000000000000d8       0x20 Core/Src/iwdg.o
 .debug_aranges