stm32h7xx_it.c:72:6:NMI_Handler	4	static
stm32h7xx_it.c:87:6:HardFault_Handler	8	static
stm32h7xx_it.c:103:6:MemManage_Handler	8	static
stm32h7xx_it.c:119:6:BusFault_Handler	4	static
stm32h7xx_it.c:134:6:UsageFault_Handler	4	static
stm32h7xx_it.c:149:6:SVC_Handler	4	static
stm32h7xx_it.c:162:6:DebugMon_Handler	4	static
stm32h7xx_it.c:175:6:PendSV_Handler	4	static
stm32h7xx_it.c:188:6:SysTick_Handler	8	static
stm32h7xx_it.c:209:6:DMA2_Stream1_IRQHandler	8	static
stm32h7xx_it.c:223:6:DCMI_PSSI_IRQHandler	8	static
stm32h7xx_it.c:237:6:LTDC_IRQHandler	8	static
