ov2640.c:1918:6:OV2640_Init	16	static
ov2640.c:1935:6:OV2640_Reset	8	static
ov2640.c:1947:6:OV2640_ReadID	16	static
ov2640.c:1963:4:OV2640_OutSize_Set	24	static
ov2640.c:1991:6:OV2640_QQVGAConfig	16	static
ov2640.c:2011:6:OV2640_UXGAConfig	16	static
ov2640.c:2030:6:OV2640_JPEGConfig	24	static
ov2640.c:2116:6:OV2640_LightMode	16	static
ov2640.c:2175:6:OV2640_SpecialEffects	16	static
ov2640.c:2275:6:OV2640_BrightnessConfig	16	static
ov2640.c:2294:6:OV2640_BandWConfig	16	static
ov2640.c:2315:6:OV2640_ColorEffectsConfig	16	static
ov2640.c:2337:6:OV2640_ContrastConfig	16	static
ov2640.c:2349:6:OV2640_Start	8	static
ov2640.c:2359:6:OV2640_DMA_Config	24	static
ov2640.c:2394:6:HAL_DCMI_FrameEventCallback	24	static
ov2640.c:2414:13:I2Cx_Error	8	static
ov2640.c:2440:9:OV2640_WriteReg	40	static
ov2640.c:2459:9:OV2640_ReadReg	40	static
